Archive member included to satisfy reference by file (symbol)

C:\Users\Trang\STM32CubeIDE\workspace_1.10.1\serial-host-mcu-clean-code\SDK_1.0.3_NUCLEO-F401RE\SDK_1.0.3_NUCLEO-F401RE\lib_stm\libLibraries.a(system_stm32f4xx.o)
                              ./Src/main.o (SystemCoreClockUpdate)
C:\Users\Trang\STM32CubeIDE\workspace_1.10.1\serial-host-mcu-clean-code\SDK_1.0.3_NUCLEO-F401RE\SDK_1.0.3_NUCLEO-F401RE\lib_stm\libLibraries.a(misc.o)
                              ./Src/main.o (NVIC_Init)
C:\Users\Trang\STM32CubeIDE\workspace_1.10.1\serial-host-mcu-clean-code\SDK_1.0.3_NUCLEO-F401RE\SDK_1.0.3_NUCLEO-F401RE\lib_stm\libLibraries.a(stm32f401re_adc.o)
                              ./Src/main.o (ADC_SoftwareStartConv)
C:\Users\Trang\STM32CubeIDE\workspace_1.10.1\serial-host-mcu-clean-code\SDK_1.0.3_NUCLEO-F401RE\SDK_1.0.3_NUCLEO-F401RE\lib_stm\libLibraries.a(stm32f401re_gpio.o)
                              ./Src/main.o (GPIO_Init)
C:\Users\Trang\STM32CubeIDE\workspace_1.10.1\serial-host-mcu-clean-code\SDK_1.0.3_NUCLEO-F401RE\SDK_1.0.3_NUCLEO-F401RE\lib_stm\libLibraries.a(stm32f401re_rcc.o)
                              ./Src/main.o (RCC_AHB1PeriphClockCmd)
C:\Users\Trang\STM32CubeIDE\workspace_1.10.1\serial-host-mcu-clean-code\SDK_1.0.3_NUCLEO-F401RE\SDK_1.0.3_NUCLEO-F401RE\lib_stm\libLibraries.a(stm32f401re_usart.o)
                              ./Src/main.o (USART_Init)
C:\Users\Trang\STM32CubeIDE\workspace_1.10.1\serial-host-mcu-clean-code\SDK_1.0.3_NUCLEO-F401RE\SDK_1.0.3_NUCLEO-F401RE\lib_stm\libLibraries.a(eventbutton.o)
                              ./Src/main.o (EventButton_Init)
C:\Users\Trang\STM32CubeIDE\workspace_1.10.1\serial-host-mcu-clean-code\SDK_1.0.3_NUCLEO-F401RE\SDK_1.0.3_NUCLEO-F401RE\lib_stm\libLibraries.a(buzzer.o)
                              ./Src/main.o (BuzzerControl_Init)
C:\Users\Trang\STM32CubeIDE\workspace_1.10.1\serial-host-mcu-clean-code\SDK_1.0.3_NUCLEO-F401RE\SDK_1.0.3_NUCLEO-F401RE\lib_stm\libLibraries.a(melody.o)
                              ./Src/main.o (pbeep)
C:\Users\Trang\STM32CubeIDE\workspace_1.10.1\serial-host-mcu-clean-code\SDK_1.0.3_NUCLEO-F401RE\SDK_1.0.3_NUCLEO-F401RE\lib_stm\libLibraries.a(led.o)
                              ./Src/main.o (LedControl_Init)
C:\Users\Trang\STM32CubeIDE\workspace_1.10.1\serial-host-mcu-clean-code\SDK_1.0.3_NUCLEO-F401RE\SDK_1.0.3_NUCLEO-F401RE\lib_stm\libLibraries.a(eventman.o)
                              ./Src/main.o (EventSchedulerInit)
C:\Users\Trang\STM32CubeIDE\workspace_1.10.1\serial-host-mcu-clean-code\SDK_1.0.3_NUCLEO-F401RE\SDK_1.0.3_NUCLEO-F401RE\lib_stm\libLibraries.a(timer.o)
                              ./Src/main.o (TimerInit)
C:\Users\Trang\STM32CubeIDE\workspace_1.10.1\serial-host-mcu-clean-code\SDK_1.0.3_NUCLEO-F401RE\SDK_1.0.3_NUCLEO-F401RE\lib_stm\libLibraries.a(lightsensor.o)
                              ./Src/main.o (LightSensor_Init)
C:\Users\Trang\STM32CubeIDE\workspace_1.10.1\serial-host-mcu-clean-code\SDK_1.0.3_NUCLEO-F401RE\SDK_1.0.3_NUCLEO-F401RE\lib_stm\libLibraries.a(temhumsensor.o)
                              ./Src/main.o (TemHumSensor_Init)
C:\Users\Trang\STM32CubeIDE\workspace_1.10.1\serial-host-mcu-clean-code\SDK_1.0.3_NUCLEO-F401RE\SDK_1.0.3_NUCLEO-F401RE\lib_stm\libLibraries.a(serial.o)
                              ./Src/main.o (SendNACK)
C:\Users\Trang\STM32CubeIDE\workspace_1.10.1\serial-host-mcu-clean-code\SDK_1.0.3_NUCLEO-F401RE\SDK_1.0.3_NUCLEO-F401RE\lib_stm\libLibraries.a(Ucglib.o)
                              ./Src/main.o (Ucglib4WireSWSPI_begin)
C:\Users\Trang\STM32CubeIDE\workspace_1.10.1\serial-host-mcu-clean-code\SDK_1.0.3_NUCLEO-F401RE\SDK_1.0.3_NUCLEO-F401RE\lib_stm\libLibraries.a(ucg_box.o)
                              ./Src/main.o (ucg_ClearScreen)
C:\Users\Trang\STM32CubeIDE\workspace_1.10.1\serial-host-mcu-clean-code\SDK_1.0.3_NUCLEO-F401RE\SDK_1.0.3_NUCLEO-F401RE\lib_stm\libLibraries.a(ucg_ccs.o)
                              C:\Users\Trang\STM32CubeIDE\workspace_1.10.1\serial-host-mcu-clean-code\SDK_1.0.3_NUCLEO-F401RE\SDK_1.0.3_NUCLEO-F401RE\lib_stm\libLibraries.a(ucg_box.o) (ucg_ccs_init)
C:\Users\Trang\STM32CubeIDE\workspace_1.10.1\serial-host-mcu-clean-code\SDK_1.0.3_NUCLEO-F401RE\SDK_1.0.3_NUCLEO-F401RE\lib_stm\libLibraries.a(ucg_circle.o)
                              C:\Users\Trang\STM32CubeIDE\workspace_1.10.1\serial-host-mcu-clean-code\SDK_1.0.3_NUCLEO-F401RE\SDK_1.0.3_NUCLEO-F401RE\lib_stm\libLibraries.a(ucg_box.o) (ucg_DrawCircle)
C:\Users\Trang\STM32CubeIDE\workspace_1.10.1\serial-host-mcu-clean-code\SDK_1.0.3_NUCLEO-F401RE\SDK_1.0.3_NUCLEO-F401RE\lib_stm\libLibraries.a(ucg_dev_default_cb.o)
                              C:\Users\Trang\STM32CubeIDE\workspace_1.10.1\serial-host-mcu-clean-code\SDK_1.0.3_NUCLEO-F401RE\SDK_1.0.3_NUCLEO-F401RE\lib_stm\libLibraries.a(Ucglib.o) (ucg_dev_default_cb)
[...]
Memory Configuration

Name             Origin             Length             Attributes
RAM              0x0000000020000000 0x0000000000018000 xrw
FLASH            0x0000000008000000 0x0000000000080000 xr
*default*        0x0000000000000000 0xffffffffffffffff

Linker script and memory map

LOAD c:/st/stm32cubeide_1.10.1/stm32cubeide/plugins/com.st.stm32cube.ide.mcu.externaltools.gnu-tools-for-stm32.10.3-2021.10.win32_1.0.0.202111181127/tools/bin/../lib/gcc/arm-none-eabi/10.3.1/thumb/v7e-m+fp/hard/crti.o
LOAD c:/st/stm32cubeide_1.10.1/stm32cubeide/plugins/com.st.stm32cube.ide.mcu.externaltools.gnu-tools-for-stm32.10.3-2021.10.win32_1.0.0.202111181127/tools/bin/../lib/gcc/arm-none-eabi/10.3.1/thumb/v7e-m+fp/hard/crtbegin.o
LOAD c:/st/stm32cubeide_1.10.1/stm32cubeide/plugins/com.st.stm32cube.ide.mcu.externaltools.gnu-tools-for-stm32.10.3-2021.10.win32_1.0.0.202111181127/tools/bin/../lib/gcc/arm-none-eabi/10.3.1/../../../../arm-none-eabi/lib/thumb/v7e-m+fp/hard/crt0.o
LOAD ./Src/main.o
LOAD ./Src/syscalls.o
LOAD ./Src/sysmem.o
LOAD ./Startup/startup_stm32f401retx.o
LOAD C:\Users\Trang\STM32CubeIDE\workspace_1.10.1\serial-host-mcu-clean-code\SDK_1.0.3_NUCLEO-F401RE\SDK_1.0.3_NUCLEO-F401RE\lib_stm\libLibraries.a
START GROUP
LOAD c:/st/stm32cubeide_1.10.1/stm32cubeide/plugins/com.st.stm32cube.ide.mcu.externaltools.gnu-tools-for-stm32.10.3-2021.10.win32_1.0.0.202111181127/tools/bin/../lib/gcc/arm-none-eabi/10.3.1/../../../../arm-none-eabi/lib/thumb/v7e-m+fp/hard\libc_nano.a
LOAD c:/st/stm32cubeide_1.10.1/stm32cubeide/plugins/com.st.stm32cube.ide.mcu.externaltools.gnu-tools-for-stm32.10.3-2021.10.win32_1.0.0.202111181127/tools/bin/../lib/gcc/arm-none-eabi/10.3.1/../../../../arm-none-eabi/lib/thumb/v7e-m+fp/hard\libm.a
END GROUP
START GROUP
LOAD c:/st/stm32cubeide_1.10.1/stm32cubeide/plugins/com.st.stm32cube.ide.mcu.externaltools.gnu-tools-for-stm32.10.3-2021.10.win32_1.0.0.202111181127/tools/bin/../lib/gcc/arm-none-eabi/10.3.1/thumb/v7e-m+fp/hard\libgcc.a
LOAD c:/st/stm32cubeide_1.10.1/stm32cubeide/plugins/com.st.stm32cube.ide.mcu.externaltools.gnu-tools-for-stm32.10.3-2021.10.win32_1.0.0.202111181127/tools/bin/../lib/gcc/arm-none-eabi/10.3.1/../../../../arm-none-eabi/lib/thumb/v7e-m+fp/hard\libc_nano.a
END GROUP
START GROUP
LOAD c:/st/stm32cubeide_1.10.1/stm32cubeide/plugins/com.st.stm32cube.ide.mcu.externaltools.gnu-tools-for-stm32.10.3-2021.10.win32_1.0.0.202111181127/tools/bin/../lib/gcc/arm-none-eabi/10.3.1/thumb/v7e-m+fp/hard\libgcc.a
LOAD c:/st/stm32cubeide_1.10.1/stm32cubeide/plugins/com.st.stm32cube.ide.mcu.externaltools.gnu-tools-for-stm32.10.3-2021.10.win32_1.0.0.202111181127/tools/bin/../lib/gcc/arm-none-eabi/10.3.1/../../../../arm-none-eabi/lib/thumb/v7e-m+fp/hard\libc_nano.a
LOAD c:/st/stm32cubeide_1.10.1/stm32cubeide/plugins/com.st.stm32cube.ide.mcu.externaltools.gnu-tools-for-stm32.10.3-2021.10.win32_1.0.0.202111181127/tools/bin/../lib/gcc/arm-none-eabi/10.3.1/../../../../arm-none-eabi/lib/thumb/v7e-m+fp/hard\libnosys.a
END GROUP
START GROUP
LOAD c:/st/stm32cubeide_1.10.1/stm32cubeide/plugins/com.st.stm32cube.ide.mcu.externaltools.gnu-tools-for-stm32.10.3-2021.10.win32_1.0.0.202111181127/tools/bin/../lib/gcc/arm-none-eabi/10.3.1/thumb/v7e-m+fp/hard\libgcc.a
LOAD c:/st/stm32cubeide_1.10.1/stm32cubeide/plugins/com.st.stm32cube.ide.mcu.externaltools.gnu-tools-for-stm32.10.3-2021.10.win32_1.0.0.202111181127/tools/bin/../lib/gcc/arm-none-eabi/10.3.1/../../../../arm-none-eabi/lib/thumb/v7e-m+fp/hard\libc_nano.a
LOAD c:/st/stm32cubeide_1.10.1/stm32cubeide/plugins/com.st.stm32cube.ide.mcu.externaltools.gnu-tools-for-stm32.10.3-2021.10.win32_1.0.0.202111181127/tools/bin/../lib/gcc/arm-none-eabi/10.3.1/../../../../arm-none-eabi/lib/thumb/v7e-m+fp/hard\libnosys.a
END GROUP
LOAD c:/st/stm32cubeide_1.10.1/stm32cubeide/plugins/com.st.stm32cube.ide.mcu.externaltools.gnu-tools-for-stm32.10.3-2021.10.win32_1.0.0.202111181127/tools/bin/../lib/gcc/arm-none-eabi/10.3.1/thumb/v7e-m+fp/hard/crtend.o
LOAD c:/st/stm32cubeide_1.10.1/stm32cubeide/plugins/com.st.stm32cube.ide.mcu.externaltools.gnu-tools-for-stm32.10.3-2021.10.win32_1.0.0.202111181127/tools/bin/../lib/gcc/arm-none-eabi/10.3.1/thumb/v7e-m+fp/hard/crtn.o
                0x0000000020018000                _estack = (ORIGIN (RAM) + LENGTH (RAM))
                0x0000000000000200                _Min_Heap_Size = 0x200
                0x0000000000000400                _Min_Stack_Size = 0x400

.isr_vector     0x0000000008000000      0x194
                0x0000000008000000                . = ALIGN (0x4)
 *(.isr_vector)
 .isr_vector    0x0000000008000000      0x194 ./Startup/startup_stm32f401retx.o
                0x0000000008000000                g_pfnVectors
                0x0000000008000194                . = ALIGN (0x4)

.text           0x00000000080001a0     0x772c
                0x00000000080001a0                . = ALIGN (0x4)
 *(.text)
 .text          0x00000000080001a0       0x40 c:/st/stm32cubeide_1.10.1/stm32cubeide/plugins/com.st.stm32cube.ide.mcu.externaltools.gnu-tools-for-stm32.10.3-2021.10.win32_1.0.0.202111181127/tools/bin/../lib/gcc/arm-none-eabi/10.3.1/thumb/v7e-m+fp/hard/crtbegin.o
 .text          0x00000000080001e0       0xa0 c:/st/stm32cubeide_1.10.1/stm32cubeide/plugins/com.st.stm32cube.ide.mcu.externaltools.gnu-tools-for-stm32.10.3-2021.10.win32_1.0.0.202111181127/tools/bin/../lib/gcc/arm-none-eabi/10.3.1/../../../../arm-none-eabi/lib/thumb/v7e-m+fp/hard\libc_nano.a(lib_a-memchr.o)
                0x00000000080001e0                memchr
 *(.text*)
 .text.main     0x0000000008000280       0x22 ./Src/main.o
                0x0000000008000280                main
 *fill*         0x00000000080002a2        0x2 
 .text.appInitCommon
                0x00000000080002a4       0x70 ./Src/main.o
 .text.usart2Init
                0x0000000008000314       0xc0 ./Src/main.o
 .text.serialUartInit
                0x00000000080003d4       0x2c ./Src/main.o
 .text.processSerialUartReceiver
                0x0000000008000400       0x54 ./Src/main.o
 .text.pollRxBuff
                0x0000000008000454      0x108 ./Src/main.o
 .text.ledCmdSetState
                0x000000000800055c       0x64 ./Src/main.o
                0x000000000800055c                ledCmdSetState
 .text.buzzerCmdSetState
                0x00000000080005c0       0x34 ./Src/main.o
                0x00000000080005c0                buzzerCmdSetState
 .text.lcdCmdSetState
                0x00000000080005f4       0x34 ./Src/main.o
                0x00000000080005f4                lcdCmdSetState
 .text.buttonCmdState
                0x0000000008000628       0x20 ./Src/main.o
                0x0000000008000628                buttonCmdState
 .text.LightSensor_pollingRead
                0x0000000008000648       0x38 ./Src/main.o
                0x0000000008000648                LightSensor_pollingRead
 .text.taskMultiSensorScan
                0x0000000008000680      0x258 ./Src/main.o
                0x0000000008000680                taskMultiSensorScan
 .text.LoadConfiguration
                0x00000000080008d8       0x58 ./Src/main.o
                0x00000000080008d8                LoadConfiguration
 .text.appStateManager
                0x0000000008000930       0x50 ./Src/main.o
 .text.setStateApp
                0x0000000008000980       0x20 ./Src/main.o
 .text.getStateApp
                0x00000000080009a0       0x18 ./Src/main.o
 .text.deviceStateMachine
                0x00000000080009b8      0x520 ./Src/main.o
 .text.SetLevelUp
                0x0000000008000ed8       0x48 ./Src/main.o
                0x0000000008000ed8                SetLevelUp
 .text.SetLevelDown
                0x0000000008000f20       0x48 ./Src/main.o
                0x0000000008000f20                SetLevelDown
 .text.setLevelLed
                0x0000000008000f68       0x98 ./Src/main.o
                0x0000000008000f68                setLevelLed
 .text.stopLevelChange
                0x0000000008001000       0x24 ./Src/main.o
                0x0000000008001000                stopLevelChange
 .text.processUartReceiveCommand_ControlLed
                0x0000000008001024       0x3c ./Src/main.o
 .text.processUartReceiveCommand_ControlButton
                0x0000000008001060       0x30 ./Src/main.o
 .text.processUartReceiveCommand_ControlLCD
                0x0000000008001090       0x40 ./Src/main.o
 .text.processUartReceiveCommand_ControlBuzzer
                0x00000000080010d0       0x2a ./Src/main.o
 .text.procUartCmd
                0x00000000080010fa       0x58 ./Src/main.o
 *fill*         0x0000000008001152        0x2 
 .text._sbrk    0x0000000008001154       0x6c ./Src/sysmem.o
                0x0000000008001154                _sbrk
 .text.Reset_Handler
                0x00000000080011c0       0x50 ./Startup/startup_stm32f401retx.o
                0x00000000080011c0                Reset_Handler
 .text.Default_Handler
                0x0000000008001210        0x2 ./Startup/startup_stm32f401retx.o
                0x0000000008001210                EXTI2_IRQHandler
                0x0000000008001210                DebugMon_Handler
                0x0000000008001210                SPI4_IRQHandler
                0x0000000008001210                TIM1_CC_IRQHandler
                0x0000000008001210                HardFault_Handler
                0x0000000008001210                SDIO_IRQHandler
                0x0000000008001210                TAMP_STAMP_IRQHandler
                0x0000000008001210                PendSV_Handler
                0x0000000008001210                NMI_Handler
                0x0000000008001210                EXTI3_IRQHandler
                0x0000000008001210                TIM1_UP_TIM10_IRQHandler
                0x0000000008001210                I2C3_ER_IRQHandler
                0x0000000008001210                EXTI18_OTG_FS_WKUP_IRQHandler
                0x0000000008001210                EXTI0_IRQHandler
                0x0000000008001210                I2C2_EV_IRQHandler
                0x0000000008001210                FPU_IRQHandler
                0x0000000008001210                UsageFault_Handler
                0x0000000008001210                SPI1_IRQHandler
                0x0000000008001210                TIM1_BRK_TIM9_IRQHandler
                0x0000000008001210                USART6_IRQHandler
                0x0000000008001210                TIM4_IRQHandler
                0x0000000008001210                I2C1_EV_IRQHandler
                0x0000000008001210                TIM3_IRQHandler
                0x0000000008001210                RCC_IRQHandler
                0x0000000008001210                Default_Handler
                0x0000000008001210                EXTI15_10_IRQHandler
                0x0000000008001210                ADC_IRQHandler
                0x0000000008001210                TIM5_IRQHandler
                0x0000000008001210                I2C3_EV_IRQHandler
                0x0000000008001210                EXTI9_5_IRQHandler
                0x0000000008001210                SPI2_IRQHandler
                0x0000000008001210                MemManage_Handler
                0x0000000008001210                SVC_Handler
                0x0000000008001210                EXTI4_IRQHandler
                0x0000000008001210                EXTI22_RTC_WKUP_IRQHandler
                0x0000000008001210                TIM2_IRQHandler
                0x0000000008001210                EXTI16_PVD_IRQHandler
                0x0000000008001210                TIM1_TRG_COM_TIM11_IRQHandler
                0x0000000008001210                EXTI1_IRQHandler
                0x0000000008001210                EXTI17_RTC_Alarm_IRQHandler
                0x0000000008001210                I2C2_ER_IRQHandler
                0x0000000008001210                FLASH_IRQHandler
                0x0000000008001210                BusFault_Handler
                0x0000000008001210                USART1_IRQHandler
                0x0000000008001210                OTG_FS_IRQHandler
                0x0000000008001210                SPI3_IRQHandler
                0x0000000008001210                I2C1_ER_IRQHandler
 *fill*         0x0000000008001212        0x2 
 .text.SystemInit
                0x0000000008001214       0x6c C:\Users\Trang\STM32CubeIDE\workspace_1.10.1\serial-host-mcu-clean-code\SDK_1.0.3_NUCLEO-F401RE\SDK_1.0.3_NUCLEO-F401RE\lib_stm\libLibraries.a(system_stm32f4xx.o)
                0x0000000008001214                SystemInit
 .text.SystemCoreClockUpdate
                0x0000000008001280       0xf8 C:\Users\Trang\STM32CubeIDE\workspace_1.10.1\serial-host-mcu-clean-code\SDK_1.0.3_NUCLEO-F401RE\SDK_1.0.3_NUCLEO-F401RE\lib_stm\libLibraries.a(system_stm32f4xx.o)
                0x0000000008001280                SystemCoreClockUpdate
 .text.SetSysClock
                0x0000000008001378       0xa0 C:\Users\Trang\STM32CubeIDE\workspace_1.10.1\serial-host-mcu-clean-code\SDK_1.0.3_NUCLEO-F401RE\SDK_1.0.3_NUCLEO-F401RE\lib_stm\libLibraries.a(system_stm32f4xx.o)
 .text.NVIC_Init
                0x0000000008001418       0xc4 C:\Users\Trang\STM32CubeIDE\workspace_1.10.1\serial-host-mcu-clean-code\SDK_1.0.3_NUCLEO-F401RE\SDK_1.0.3_NUCLEO-F401RE\lib_stm\libLibraries.a(misc.o)
                0x0000000008001418                NVIC_Init
 .text.ADC_DeInit
                0x00000000080014dc       0x1c C:\Users\Trang\STM32CubeIDE\workspace_1.10.1\serial-host-mcu-clean-code\SDK_1.0.3_NUCLEO-F401RE\SDK_1.0.3_NUCLEO-F401RE\lib_stm\libLibraries.a(stm32f401re_adc.o)
                0x00000000080014dc                ADC_DeInit
 .text.ADC_Init
                0x00000000080014f8       0xac C:\Users\Trang\STM32CubeIDE\workspace_1.10.1\serial-host-mcu-clean-code\SDK_1.0.3_NUCLEO-F401RE\SDK_1.0.3_NUCLEO-F401RE\lib_stm\libLibraries.a(stm32f401re_adc.o)
                0x00000000080014f8                ADC_Init
 .text.ADC_CommonInit
                0x00000000080015a4       0x50 C:\Users\Trang\STM32CubeIDE\workspace_1.10.1\serial-host-mcu-clean-code\SDK_1.0.3_NUCLEO-F401RE\SDK_1.0.3_NUCLEO-F401RE\lib_stm\libLibraries.a(stm32f401re_adc.o)
                0x00000000080015a4                ADC_CommonInit
 .text.ADC_Cmd  0x00000000080015f4       0x38 C:\Users\Trang\STM32CubeIDE\workspace_1.10.1\serial-host-mcu-clean-code\SDK_1.0.3_NUCLEO-F401RE\SDK_1.0.3_NUCLEO-F401RE\lib_stm\libLibraries.a(stm32f401re_adc.o)
                0x00000000080015f4                ADC_Cmd
 .text.ADC_RegularChannelConfig
                0x000000000800162c      0x194 C:\Users\Trang\STM32CubeIDE\workspace_1.10.1\serial-host-mcu-clean-code\SDK_1.0.3_NUCLEO-F401RE\SDK_1.0.3_NUCLEO-F401RE\lib_stm\libLibraries.a(stm32f401re_adc.o)
                0x000000000800162c                ADC_RegularChannelConfig
 .text.ADC_SoftwareStartConv
                0x00000000080017c0       0x20 C:\Users\Trang\STM32CubeIDE\workspace_1.10.1\serial-host-mcu-clean-code\SDK_1.0.3_NUCLEO-F401RE\SDK_1.0.3_NUCLEO-F401RE\lib_stm\libLibraries.a(stm32f401re_adc.o)
                0x00000000080017c0                ADC_SoftwareStartConv
 .text.ADC_EOCOnEachRegularChannelCmd
                0x00000000080017e0       0x38 C:\Users\Trang\STM32CubeIDE\workspace_1.10.1\serial-host-mcu-clean-code\SDK_1.0.3_NUCLEO-F401RE\SDK_1.0.3_NUCLEO-F401RE\lib_stm\libLibraries.a(stm32f401re_adc.o)
                0x00000000080017e0                ADC_EOCOnEachRegularChannelCmd
 .text.ADC_ContinuousModeCmd
                0x0000000008001818       0x38 C:\Users\Trang\STM32CubeIDE\workspace_1.10.1\serial-host-mcu-clean-code\SDK_1.0.3_NUCLEO-F401RE\SDK_1.0.3_NUCLEO-F401RE\lib_stm\libLibraries.a(stm32f401re_adc.o)
                0x0000000008001818                ADC_ContinuousModeCmd
 .text.ADC_DiscModeChannelCountConfig
                0x0000000008001850       0x44 C:\Users\Trang\STM32CubeIDE\workspace_1.10.1\serial-host-mcu-clean-code\SDK_1.0.3_NUCLEO-F401RE\SDK_1.0.3_NUCLEO-F401RE\lib_stm\libLibraries.a(stm32f401re_adc.o)
                0x0000000008001850                ADC_DiscModeChannelCountConfig
 .text.ADC_DiscModeCmd
                0x0000000008001894       0x38 C:\Users\Trang\STM32CubeIDE\workspace_1.10.1\serial-host-mcu-clean-code\SDK_1.0.3_NUCLEO-F401RE\SDK_1.0.3_NUCLEO-F401RE\lib_stm\libLibraries.a(stm32f401re_adc.o)
                0x0000000008001894                ADC_DiscModeCmd
 .text.ADC_GetConversionValue
                0x00000000080018cc       0x1a C:\Users\Trang\STM32CubeIDE\workspace_1.10.1\serial-host-mcu-clean-code\SDK_1.0.3_NUCLEO-F401RE\SDK_1.0.3_NUCLEO-F401RE\lib_stm\libLibraries.a(stm32f401re_adc.o)
                0x00000000080018cc                ADC_GetConversionValue
 .text.ADC_DMACmd
                0x00000000080018e6       0x38 C:\Users\Trang\STM32CubeIDE\workspace_1.10.1\serial-host-mcu-clean-code\SDK_1.0.3_NUCLEO-F401RE\SDK_1.0.3_NUCLEO-F401RE\lib_stm\libLibraries.a(stm32f401re_adc.o)
                0x00000000080018e6                ADC_DMACmd
 .text.ADC_DMARequestAfterLastTransferCmd
                0x000000000800191e       0x38 C:\Users\Trang\STM32CubeIDE\workspace_1.10.1\serial-host-mcu-clean-code\SDK_1.0.3_NUCLEO-F401RE\SDK_1.0.3_NUCLEO-F401RE\lib_stm\libLibraries.a(stm32f401re_adc.o)
                0x000000000800191e                ADC_DMARequestAfterLastTransferCmd
 .text.ADC_GetFlagStatus
                0x0000000008001956       0x34 C:\Users\Trang\STM32CubeIDE\workspace_1.10.1\serial-host-mcu-clean-code\SDK_1.0.3_NUCLEO-F401RE\SDK_1.0.3_NUCLEO-F401RE\lib_stm\libLibraries.a(stm32f401re_adc.o)
                0x0000000008001956                ADC_GetFlagStatus
 .text.GPIO_Init
                0x000000000800198a      0x11c C:\Users\Trang\STM32CubeIDE\workspace_1.10.1\serial-host-mcu-clean-code\SDK_1.0.3_NUCLEO-F401RE\SDK_1.0.3_NUCLEO-F401RE\lib_stm\libLibraries.a(stm32f401re_gpio.o)
                0x000000000800198a                GPIO_Init
 .text.GPIO_ReadInputDataBit
                0x0000000008001aa6       0x34 C:\Users\Trang\STM32CubeIDE\workspace_1.10.1\serial-host-mcu-clean-code\SDK_1.0.3_NUCLEO-F401RE\SDK_1.0.3_NUCLEO-F401RE\lib_stm\libLibraries.a(stm32f401re_gpio.o)
                0x0000000008001aa6                GPIO_ReadInputDataBit
 .text.GPIO_SetBits
                0x0000000008001ada       0x1e C:\Users\Trang\STM32CubeIDE\workspace_1.10.1\serial-host-mcu-clean-code\SDK_1.0.3_NUCLEO-F401RE\SDK_1.0.3_NUCLEO-F401RE\lib_stm\libLibraries.a(stm32f401re_gpio.o)
                0x0000000008001ada                GPIO_SetBits
 .text.GPIO_ResetBits
                0x0000000008001af8       0x1e C:\Users\Trang\STM32CubeIDE\workspace_1.10.1\serial-host-mcu-clean-code\SDK_1.0.3_NUCLEO-F401RE\SDK_1.0.3_NUCLEO-F401RE\lib_stm\libLibraries.a(stm32f401re_gpio.o)
                0x0000000008001af8                GPIO_ResetBits
 .text.GPIO_WriteBit
                0x0000000008001b16       0x30 C:\Users\Trang\STM32CubeIDE\workspace_1.10.1\serial-host-mcu-clean-code\SDK_1.0.3_NUCLEO-F401RE\SDK_1.0.3_NUCLEO-F401RE\lib_stm\libLibraries.a(stm32f401re_gpio.o)
                0x0000000008001b16                GPIO_WriteBit
 .text.GPIO_PinAFConfig
                0x0000000008001b46       0x92 C:\Users\Trang\STM32CubeIDE\workspace_1.10.1\serial-host-mcu-clean-code\SDK_1.0.3_NUCLEO-F401RE\SDK_1.0.3_NUCLEO-F401RE\lib_stm\libLibraries.a(stm32f401re_gpio.o)
                0x0000000008001b46                GPIO_PinAFConfig
 .text.RCC_GetClocksFreq
                0x0000000008001bd8      0x150 C:\Users\Trang\STM32CubeIDE\workspace_1.10.1\serial-host-mcu-clean-code\SDK_1.0.3_NUCLEO-F401RE\SDK_1.0.3_NUCLEO-F401RE\lib_stm\libLibraries.a(stm32f401re_rcc.o)
                0x0000000008001bd8                RCC_GetClocksFreq
 .text.RCC_AHB1PeriphClockCmd
                0x0000000008001d28       0x40 C:\Users\Trang\STM32CubeIDE\workspace_1.10.1\serial-host-mcu-clean-code\SDK_1.0.3_NUCLEO-F401RE\SDK_1.0.3_NUCLEO-F401RE\lib_stm\libLibraries.a(stm32f401re_rcc.o)
                0x0000000008001d28                RCC_AHB1PeriphClockCmd
 .text.RCC_APB1PeriphClockCmd
                0x0000000008001d68       0x40 C:\Users\Trang\STM32CubeIDE\workspace_1.10.1\serial-host-mcu-clean-code\SDK_1.0.3_NUCLEO-F401RE\SDK_1.0.3_NUCLEO-F401RE\lib_stm\libLibraries.a(stm32f401re_rcc.o)
                0x0000000008001d68                RCC_APB1PeriphClockCmd
 .text.RCC_APB2PeriphClockCmd
                0x0000000008001da8       0x40 C:\Users\Trang\STM32CubeIDE\workspace_1.10.1\serial-host-mcu-clean-code\SDK_1.0.3_NUCLEO-F401RE\SDK_1.0.3_NUCLEO-F401RE\lib_stm\libLibraries.a(stm32f401re_rcc.o)
                0x0000000008001da8                RCC_APB2PeriphClockCmd
 .text.RCC_APB2PeriphResetCmd
                0x0000000008001de8       0x40 C:\Users\Trang\STM32CubeIDE\workspace_1.10.1\serial-host-mcu-clean-code\SDK_1.0.3_NUCLEO-F401RE\SDK_1.0.3_NUCLEO-F401RE\lib_stm\libLibraries.a(stm32f401re_rcc.o)
                0x0000000008001de8                RCC_APB2PeriphResetCmd
 .text.USART_Init
                0x0000000008001e28      0x174 C:\Users\Trang\STM32CubeIDE\workspace_1.10.1\serial-host-mcu-clean-code\SDK_1.0.3_NUCLEO-F401RE\SDK_1.0.3_NUCLEO-F401RE\lib_stm\libLibraries.a(stm32f401re_usart.o)
                0x0000000008001e28                USART_Init
 .text.USART_Cmd
                0x0000000008001f9c       0x40 C:\Users\Trang\STM32CubeIDE\workspace_1.10.1\serial-host-mcu-clean-code\SDK_1.0.3_NUCLEO-F401RE\SDK_1.0.3_NUCLEO-F401RE\lib_stm\libLibraries.a(stm32f401re_usart.o)
                0x0000000008001f9c                USART_Cmd
 .text.USART_SendData
                0x0000000008001fdc       0x24 C:\Users\Trang\STM32CubeIDE\workspace_1.10.1\serial-host-mcu-clean-code\SDK_1.0.3_NUCLEO-F401RE\SDK_1.0.3_NUCLEO-F401RE\lib_stm\libLibraries.a(stm32f401re_usart.o)
                0x0000000008001fdc                USART_SendData
 .text.USART_ReceiveData
                0x0000000008002000       0x20 C:\Users\Trang\STM32CubeIDE\workspace_1.10.1\serial-host-mcu-clean-code\SDK_1.0.3_NUCLEO-F401RE\SDK_1.0.3_NUCLEO-F401RE\lib_stm\libLibraries.a(stm32f401re_usart.o)
                0x0000000008002000                USART_ReceiveData
 .text.USART_ITConfig
                0x0000000008002020       0x90 C:\Users\Trang\STM32CubeIDE\workspace_1.10.1\serial-host-mcu-clean-code\SDK_1.0.3_NUCLEO-F401RE\SDK_1.0.3_NUCLEO-F401RE\lib_stm\libLibraries.a(stm32f401re_usart.o)
                0x0000000008002020                USART_ITConfig
 .text.USART_GetFlagStatus
                0x00000000080020b0       0x38 C:\Users\Trang\STM32CubeIDE\workspace_1.10.1\serial-host-mcu-clean-code\SDK_1.0.3_NUCLEO-F401RE\SDK_1.0.3_NUCLEO-F401RE\lib_stm\libLibraries.a(stm32f401re_usart.o)
                0x00000000080020b0                USART_GetFlagStatus
 .text.USART_GetITStatus
                0x00000000080020e8       0xb6 C:\Users\Trang\STM32CubeIDE\workspace_1.10.1\serial-host-mcu-clean-code\SDK_1.0.3_NUCLEO-F401RE\SDK_1.0.3_NUCLEO-F401RE\lib_stm\libLibraries.a(stm32f401re_usart.o)
                0x00000000080020e8                USART_GetITStatus
 .text.USART_ClearITPendingBit
                0x000000000800219e       0x3a C:\Users\Trang\STM32CubeIDE\workspace_1.10.1\serial-host-mcu-clean-code\SDK_1.0.3_NUCLEO-F401RE\SDK_1.0.3_NUCLEO-F401RE\lib_stm\libLibraries.a(stm32f401re_usart.o)
                0x000000000800219e                USART_ClearITPendingBit
 .text.EventButton_Init
                0x00000000080021d8       0x6c C:\Users\Trang\STM32CubeIDE\workspace_1.10.1\serial-host-mcu-clean-code\SDK_1.0.3_NUCLEO-F401RE\SDK_1.0.3_NUCLEO-F401RE\lib_stm\libLibraries.a(eventbutton.o)
                0x00000000080021d8                EventButton_Init
 .text.ButtonProcessEventEdge
                0x0000000008002244       0x34 C:\Users\Trang\STM32CubeIDE\workspace_1.10.1\serial-host-mcu-clean-code\SDK_1.0.3_NUCLEO-F401RE\SDK_1.0.3_NUCLEO-F401RE\lib_stm\libLibraries.a(eventbutton.o)
 .text.ButtonProcessEventPress
                0x0000000008002278       0x48 C:\Users\Trang\STM32CubeIDE\workspace_1.10.1\serial-host-mcu-clean-code\SDK_1.0.3_NUCLEO-F401RE\SDK_1.0.3_NUCLEO-F401RE\lib_stm\libLibraries.a(eventbutton.o)
 .text.ButtonProcessEventHold
                0x00000000080022c0       0x5e C:\Users\Trang\STM32CubeIDE\workspace_1.10.1\serial-host-mcu-clean-code\SDK_1.0.3_NUCLEO-F401RE\SDK_1.0.3_NUCLEO-F401RE\lib_stm\libLibraries.a(eventbutton.o)
 .text.ButtonProcessEventRelease
                0x000000000800231e       0x5e C:\Users\Trang\STM32CubeIDE\workspace_1.10.1\serial-host-mcu-clean-code\SDK_1.0.3_NUCLEO-F401RE\SDK_1.0.3_NUCLEO-F401RE\lib_stm\libLibraries.a(eventbutton.o)
 .text.BuzzerControl_Init
                0x000000000800237c       0x2c C:\Users\Trang\STM32CubeIDE\workspace_1.10.1\serial-host-mcu-clean-code\SDK_1.0.3_NUCLEO-F401RE\SDK_1.0.3_NUCLEO-F401RE\lib_stm\libLibraries.a(buzzer.o)
                0x000000000800237c                BuzzerControl_Init
 .text.BuzzOff  0x00000000080023a8       0x58 C:\Users\Trang\STM32CubeIDE\workspace_1.10.1\serial-host-mcu-clean-code\SDK_1.0.3_NUCLEO-F401RE\SDK_1.0.3_NUCLEO-F401RE\lib_stm\libLibraries.a(buzzer.o)
 .text.BuzzPlay
                0x0000000008002400       0x98 C:\Users\Trang\STM32CubeIDE\workspace_1.10.1\serial-host-mcu-clean-code\SDK_1.0.3_NUCLEO-F401RE\SDK_1.0.3_NUCLEO-F401RE\lib_stm\libLibraries.a(buzzer.o)
 .text.BuzzerControl_SetMelody
                0x0000000008002498       0x3c C:\Users\Trang\STM32CubeIDE\workspace_1.10.1\serial-host-mcu-clean-code\SDK_1.0.3_NUCLEO-F401RE\SDK_1.0.3_NUCLEO-F401RE\lib_stm\libLibraries.a(buzzer.o)
                0x0000000008002498                BuzzerControl_SetMelody
 .text.BuzzerControl_SendPacketRespond
                0x00000000080024d4       0x2a C:\Users\Trang\STM32CubeIDE\workspace_1.10.1\serial-host-mcu-clean-code\SDK_1.0.3_NUCLEO-F401RE\SDK_1.0.3_NUCLEO-F401RE\lib_stm\libLibraries.a(buzzer.o)
                0x00000000080024d4                BuzzerControl_SendPacketRespond
 *fill*         0x00000000080024fe        0x2 
 .text.BUZZTIM_InitTimer
                0x0000000008002500       0x50 C:\Users\Trang\STM32CubeIDE\workspace_1.10.1\serial-host-mcu-clean-code\SDK_1.0.3_NUCLEO-F401RE\SDK_1.0.3_NUCLEO-F401RE\lib_stm\libLibraries.a(buzzer.o)
 .text.BUZZTIM_InitPWMChannel
                0x0000000008002550       0x90 C:\Users\Trang\STM32CubeIDE\workspace_1.10.1\serial-host-mcu-clean-code\SDK_1.0.3_NUCLEO-F401RE\SDK_1.0.3_NUCLEO-F401RE\lib_stm\libLibraries.a(buzzer.o)
 .text.BuzzerControl_SetDutyCycle
                0x00000000080025e0       0x3c C:\Users\Trang\STM32CubeIDE\workspace_1.10.1\serial-host-mcu-clean-code\SDK_1.0.3_NUCLEO-F401RE\SDK_1.0.3_NUCLEO-F401RE\lib_stm\libLibraries.a(buzzer.o)
                0x00000000080025e0                BuzzerControl_SetDutyCycle
 .text.BuzzerControl_SetPreriod
                0x000000000800261c       0x20 C:\Users\Trang\STM32CubeIDE\workspace_1.10.1\serial-host-mcu-clean-code\SDK_1.0.3_NUCLEO-F401RE\SDK_1.0.3_NUCLEO-F401RE\lib_stm\libLibraries.a(buzzer.o)
                0x000000000800261c                BuzzerControl_SetPreriod
 .text.LedControl_Init
                0x000000000800263c       0x10 C:\Users\Trang\STM32CubeIDE\workspace_1.10.1\serial-host-mcu-clean-code\SDK_1.0.3_NUCLEO-F401RE\SDK_1.0.3_NUCLEO-F401RE\lib_stm\libLibraries.a(led.o)
                0x000000000800263c                LedControl_Init
 .text.LedControl_SetColorIndividual
                0x000000000800264c       0xf8 C:\Users\Trang\STM32CubeIDE\workspace_1.10.1\serial-host-mcu-clean-code\SDK_1.0.3_NUCLEO-F401RE\SDK_1.0.3_NUCLEO-F401RE\lib_stm\libLibraries.a(led.o)
                0x000000000800264c                LedControl_SetColorIndividual
 .text.LedControl_SetColorGeneral
                0x0000000008002744      0x128 C:\Users\Trang\STM32CubeIDE\workspace_1.10.1\serial-host-mcu-clean-code\SDK_1.0.3_NUCLEO-F401RE\SDK_1.0.3_NUCLEO-F401RE\lib_stm\libLibraries.a(led.o)
                0x0000000008002744                LedControl_SetColorGeneral
 .text.LedGetAllLastState
                0x000000000800286c        0xe C:\Users\Trang\STM32CubeIDE\workspace_1.10.1\serial-host-mcu-clean-code\SDK_1.0.3_NUCLEO-F401RE\SDK_1.0.3_NUCLEO-F401RE\lib_stm\libLibraries.a(led.o)
 *fill*         0x000000000800287a        0x2 
 .text.LedToggle
                0x000000000800287c       0x9c C:\Users\Trang\STM32CubeIDE\workspace_1.10.1\serial-host-mcu-clean-code\SDK_1.0.3_NUCLEO-F401RE\SDK_1.0.3_NUCLEO-F401RE\lib_stm\libLibraries.a(led.o)
 .text.pFuncBlink
                0x0000000008002918       0xb0 C:\Users\Trang\STM32CubeIDE\workspace_1.10.1\serial-host-mcu-clean-code\SDK_1.0.3_NUCLEO-F401RE\SDK_1.0.3_NUCLEO-F401RE\lib_stm\libLibraries.a(led.o)
 .text.BlinkStop
                0x00000000080029c8       0x78 C:\Users\Trang\STM32CubeIDE\workspace_1.10.1\serial-host-mcu-clean-code\SDK_1.0.3_NUCLEO-F401RE\SDK_1.0.3_NUCLEO-F401RE\lib_stm\libLibraries.a(led.o)
 .text.LedControl_BlinkStart
                0x0000000008002a40       0x7c C:\Users\Trang\STM32CubeIDE\workspace_1.10.1\serial-host-mcu-clean-code\SDK_1.0.3_NUCLEO-F401RE\SDK_1.0.3_NUCLEO-F401RE\lib_stm\libLibraries.a(led.o)
                0x0000000008002a40                LedControl_BlinkStart
 .text.LedControl_SetAllColor
                0x0000000008002abc       0x36 C:\Users\Trang\STM32CubeIDE\workspace_1.10.1\serial-host-mcu-clean-code\SDK_1.0.3_NUCLEO-F401RE\SDK_1.0.3_NUCLEO-F401RE\lib_stm\libLibraries.a(led.o)
                0x0000000008002abc                LedControl_SetAllColor
 .text.LedControl_SendPacketRespond
                0x0000000008002af2       0x3a C:\Users\Trang\STM32CubeIDE\workspace_1.10.1\serial-host-mcu-clean-code\SDK_1.0.3_NUCLEO-F401RE\SDK_1.0.3_NUCLEO-F401RE\lib_stm\libLibraries.a(led.o)
                0x0000000008002af2                LedControl_SendPacketRespond
 .text.LEDGPIO_Config
                0x0000000008002b2c       0x94 C:\Users\Trang\STM32CubeIDE\workspace_1.10.1\serial-host-mcu-clean-code\SDK_1.0.3_NUCLEO-F401RE\SDK_1.0.3_NUCLEO-F401RE\lib_stm\libLibraries.a(led.o)
 .text.LEDTIM_Config
                0x0000000008002bc0       0xec C:\Users\Trang\STM32CubeIDE\workspace_1.10.1\serial-host-mcu-clean-code\SDK_1.0.3_NUCLEO-F401RE\SDK_1.0.3_NUCLEO-F401RE\lib_stm\libLibraries.a(led.o)
 .text.EventSchedulerInit
                0x0000000008002cac       0x38 C:\Users\Trang\STM32CubeIDE\workspace_1.10.1\serial-host-mcu-clean-code\SDK_1.0.3_NUCLEO-F401RE\SDK_1.0.3_NUCLEO-F401RE\lib_stm\libLibraries.a(eventman.o)
                0x0000000008002cac                EventSchedulerInit
 .text.EventSchedulerAdd
                0x0000000008002ce4       0x2c C:\Users\Trang\STM32CubeIDE\workspace_1.10.1\serial-host-mcu-clean-code\SDK_1.0.3_NUCLEO-F401RE\SDK_1.0.3_NUCLEO-F401RE\lib_stm\libLibraries.a(eventman.o)
                0x0000000008002ce4                EventSchedulerAdd
 .text.processEventScheduler
                0x0000000008002d10       0x38 C:\Users\Trang\STM32CubeIDE\workspace_1.10.1\serial-host-mcu-clean-code\SDK_1.0.3_NUCLEO-F401RE\SDK_1.0.3_NUCLEO-F401RE\lib_stm\libLibraries.a(eventman.o)
                0x0000000008002d10                processEventScheduler
 .text.NVIC_SetPriority
                0x0000000008002d48       0x54 C:\Users\Trang\STM32CubeIDE\workspace_1.10.1\serial-host-mcu-clean-code\SDK_1.0.3_NUCLEO-F401RE\SDK_1.0.3_NUCLEO-F401RE\lib_stm\libLibraries.a(timer.o)
 .text.SysTick_Config
                0x0000000008002d9c       0x44 C:\Users\Trang\STM32CubeIDE\workspace_1.10.1\serial-host-mcu-clean-code\SDK_1.0.3_NUCLEO-F401RE\SDK_1.0.3_NUCLEO-F401RE\lib_stm\libLibraries.a(timer.o)
 .text.TimerInit
                0x0000000008002de0       0x44 C:\Users\Trang\STM32CubeIDE\workspace_1.10.1\serial-host-mcu-clean-code\SDK_1.0.3_NUCLEO-F401RE\SDK_1.0.3_NUCLEO-F401RE\lib_stm\libLibraries.a(timer.o)
                0x0000000008002de0                TimerInit
 .text.TimerStart
                0x0000000008002e24       0xc4 C:\Users\Trang\STM32CubeIDE\workspace_1.10.1\serial-host-mcu-clean-code\SDK_1.0.3_NUCLEO-F401RE\SDK_1.0.3_NUCLEO-F401RE\lib_stm\libLibraries.a(timer.o)
                0x0000000008002e24                TimerStart
 .text.TimerChangePeriod
                0x0000000008002ee8       0x38 C:\Users\Trang\STM32CubeIDE\workspace_1.10.1\serial-host-mcu-clean-code\SDK_1.0.3_NUCLEO-F401RE\SDK_1.0.3_NUCLEO-F401RE\lib_stm\libLibraries.a(timer.o)
                0x0000000008002ee8                TimerChangePeriod
 .text.TimerStop
                0x0000000008002f20       0xa0 C:\Users\Trang\STM32CubeIDE\workspace_1.10.1\serial-host-mcu-clean-code\SDK_1.0.3_NUCLEO-F401RE\SDK_1.0.3_NUCLEO-F401RE\lib_stm\libLibraries.a(timer.o)
                0x0000000008002f20                TimerStop
 .text.GetMilSecTick
                0x0000000008002fc0       0x18 C:\Users\Trang\STM32CubeIDE\workspace_1.10.1\serial-host-mcu-clean-code\SDK_1.0.3_NUCLEO-F401RE\SDK_1.0.3_NUCLEO-F401RE\lib_stm\libLibraries.a(timer.o)
                0x0000000008002fc0                GetMilSecTick
 .text.processTimerScheduler
                0x0000000008002fd8       0xf0 C:\Users\Trang\STM32CubeIDE\workspace_1.10.1\serial-host-mcu-clean-code\SDK_1.0.3_NUCLEO-F401RE\SDK_1.0.3_NUCLEO-F401RE\lib_stm\libLibraries.a(timer.o)
                0x0000000008002fd8                processTimerScheduler
 .text.TimeExpired
                0x00000000080030c8       0xcc C:\Users\Trang\STM32CubeIDE\workspace_1.10.1\serial-host-mcu-clean-code\SDK_1.0.3_NUCLEO-F401RE\SDK_1.0.3_NUCLEO-F401RE\lib_stm\libLibraries.a(timer.o)
 .text.SysTick_Handler
                0x0000000008003194       0x1c C:\Users\Trang\STM32CubeIDE\workspace_1.10.1\serial-host-mcu-clean-code\SDK_1.0.3_NUCLEO-F401RE\SDK_1.0.3_NUCLEO-F401RE\lib_stm\libLibraries.a(timer.o)
                0x0000000008003194                SysTick_Handler
 .text.LightSensor_Init
                0x00000000080031b0      0x160 C:\Users\Trang\STM32CubeIDE\workspace_1.10.1\serial-host-mcu-clean-code\SDK_1.0.3_NUCLEO-F401RE\SDK_1.0.3_NUCLEO-F401RE\lib_stm\libLibraries.a(lightsensor.o)
                0x00000000080031b0                LightSensor_Init
 .text.LightSensor_SendPacketRespond
                0x0000000008003310       0x36 C:\Users\Trang\STM32CubeIDE\workspace_1.10.1\serial-host-mcu-clean-code\SDK_1.0.3_NUCLEO-F401RE\SDK_1.0.3_NUCLEO-F401RE\lib_stm\libLibraries.a(lightsensor.o)
                0x0000000008003310                LightSensor_SendPacketRespond
 .text.TemHumSensor_Init
                0x0000000008003346        0xc C:\Users\Trang\STM32CubeIDE\workspace_1.10.1\serial-host-mcu-clean-code\SDK_1.0.3_NUCLEO-F401RE\SDK_1.0.3_NUCLEO-F401RE\lib_stm\libLibraries.a(temhumsensor.o)
                0x0000000008003346                TemHumSensor_Init
 .text.TempSensor_SendPacketRespond
                0x0000000008003352       0x36 C:\Users\Trang\STM32CubeIDE\workspace_1.10.1\serial-host-mcu-clean-code\SDK_1.0.3_NUCLEO-F401RE\SDK_1.0.3_NUCLEO-F401RE\lib_stm\libLibraries.a(temhumsensor.o)
                0x0000000008003352                TempSensor_SendPacketRespond
 .text.HumiSensor_SendPacketRespond
                0x0000000008003388       0x36 C:\Users\Trang\STM32CubeIDE\workspace_1.10.1\serial-host-mcu-clean-code\SDK_1.0.3_NUCLEO-F401RE\SDK_1.0.3_NUCLEO-F401RE\lib_stm\libLibraries.a(temhumsensor.o)
                0x0000000008003388                HumiSensor_SendPacketRespond
 *fill*         0x00000000080033be        0x2 
 .text.TemHumSensor_GetTemp
                0x00000000080033c0       0x7c C:\Users\Trang\STM32CubeIDE\workspace_1.10.1\serial-host-mcu-clean-code\SDK_1.0.3_NUCLEO-F401RE\SDK_1.0.3_NUCLEO-F401RE\lib_stm\libLibraries.a(temhumsensor.o)
                0x00000000080033c0                TemHumSensor_GetTemp
 .text.TemHumSensor_GetHumi
                0x000000000800343c       0x78 C:\Users\Trang\STM32CubeIDE\workspace_1.10.1\serial-host-mcu-clean-code\SDK_1.0.3_NUCLEO-F401RE\SDK_1.0.3_NUCLEO-F401RE\lib_stm\libLibraries.a(temhumsensor.o)
                0x000000000800343c                TemHumSensor_GetHumi
 .text.CalculateCRC8
                0x00000000080034b4       0x86 C:\Users\Trang\STM32CubeIDE\workspace_1.10.1\serial-host-mcu-clean-code\SDK_1.0.3_NUCLEO-F401RE\SDK_1.0.3_NUCLEO-F401RE\lib_stm\libLibraries.a(temhumsensor.o)
 *fill*         0x000000000800353a        0x2 
 .text.i2c_config
                0x000000000800353c       0x94 C:\Users\Trang\STM32CubeIDE\workspace_1.10.1\serial-host-mcu-clean-code\SDK_1.0.3_NUCLEO-F401RE\SDK_1.0.3_NUCLEO-F401RE\lib_stm\libLibraries.a(temhumsensor.o)
                0x000000000800353c                i2c_config
 .text.i2c_read_reg_expand
                0x00000000080035d0       0xac C:\Users\Trang\STM32CubeIDE\workspace_1.10.1\serial-host-mcu-clean-code\SDK_1.0.3_NUCLEO-F401RE\SDK_1.0.3_NUCLEO-F401RE\lib_stm\libLibraries.a(temhumsensor.o)
                0x00000000080035d0                i2c_read_reg_expand
 .text.i2c_start
                0x000000000800367c       0x3c C:\Users\Trang\STM32CubeIDE\workspace_1.10.1\serial-host-mcu-clean-code\SDK_1.0.3_NUCLEO-F401RE\SDK_1.0.3_NUCLEO-F401RE\lib_stm\libLibraries.a(temhumsensor.o)
                0x000000000800367c                i2c_start
 .text.i2c_stop
                0x00000000080036b8       0x14 C:\Users\Trang\STM32CubeIDE\workspace_1.10.1\serial-host-mcu-clean-code\SDK_1.0.3_NUCLEO-F401RE\SDK_1.0.3_NUCLEO-F401RE\lib_stm\libLibraries.a(temhumsensor.o)
                0x00000000080036b8                i2c_stop
 .text.i2c_address_direction
                0x00000000080036cc       0x60 C:\Users\Trang\STM32CubeIDE\workspace_1.10.1\serial-host-mcu-clean-code\SDK_1.0.3_NUCLEO-F401RE\SDK_1.0.3_NUCLEO-F401RE\lib_stm\libLibraries.a(temhumsensor.o)
                0x00000000080036cc                i2c_address_direction
 .text.i2c_transmit
                0x000000000800372c       0x34 C:\Users\Trang\STM32CubeIDE\workspace_1.10.1\serial-host-mcu-clean-code\SDK_1.0.3_NUCLEO-F401RE\SDK_1.0.3_NUCLEO-F401RE\lib_stm\libLibraries.a(temhumsensor.o)
                0x000000000800372c                i2c_transmit
 .text.i2c_receive_ack
                0x0000000008003760       0x30 C:\Users\Trang\STM32CubeIDE\workspace_1.10.1\serial-host-mcu-clean-code\SDK_1.0.3_NUCLEO-F401RE\SDK_1.0.3_NUCLEO-F401RE\lib_stm\libLibraries.a(temhumsensor.o)
                0x0000000008003760                i2c_receive_ack
 .text.i2c_receive_nack
                0x0000000008003790       0x30 C:\Users\Trang\STM32CubeIDE\workspace_1.10.1\serial-host-mcu-clean-code\SDK_1.0.3_NUCLEO-F401RE\SDK_1.0.3_NUCLEO-F401RE\lib_stm\libLibraries.a(temhumsensor.o)
                0x0000000008003790                i2c_receive_nack
 .text.SendNACK
                0x00000000080037c0        0xe C:\Users\Trang\STM32CubeIDE\workspace_1.10.1\serial-host-mcu-clean-code\SDK_1.0.3_NUCLEO-F401RE\SDK_1.0.3_NUCLEO-F401RE\lib_stm\libLibraries.a(serial.o)
                0x00000000080037c0                SendNACK
 *fill*         0x00000000080037ce        0x2 
 .text.Serial_SendPacket
                0x00000000080037d0      0x188 C:\Users\Trang\STM32CubeIDE\workspace_1.10.1\serial-host-mcu-clean-code\SDK_1.0.3_NUCLEO-F401RE\SDK_1.0.3_NUCLEO-F401RE\lib_stm\libLibraries.a(serial.o)
                0x00000000080037d0                Serial_SendPacket
 .text.CalculateCheckXOR
                0x0000000008003958       0x42 C:\Users\Trang\STM32CubeIDE\workspace_1.10.1\serial-host-mcu-clean-code\SDK_1.0.3_NUCLEO-F401RE\SDK_1.0.3_NUCLEO-F401RE\lib_stm\libLibraries.a(serial.o)
 *fill*         0x000000000800399a        0x2 
 .text.USART2_IRQHandler
                0x000000000800399c       0x50 C:\Users\Trang\STM32CubeIDE\workspace_1.10.1\serial-host-mcu-clean-code\SDK_1.0.3_NUCLEO-F401RE\SDK_1.0.3_NUCLEO-F401RE\lib_stm\libLibraries.a(serial.o)
                0x000000000800399c                USART2_IRQHandler
 .text.delayMicroseconds
                0x00000000080039ec       0x14 C:\Users\Trang\STM32CubeIDE\workspace_1.10.1\serial-host-mcu-clean-code\SDK_1.0.3_NUCLEO-F401RE\SDK_1.0.3_NUCLEO-F401RE\lib_stm\libLibraries.a(Ucglib.o)
 .text.ucg_gpio_init
                0x0000000008003a00       0x60 C:\Users\Trang\STM32CubeIDE\workspace_1.10.1\serial-host-mcu-clean-code\SDK_1.0.3_NUCLEO-F401RE\SDK_1.0.3_NUCLEO-F401RE\lib_stm\libLibraries.a(Ucglib.o)
 .text.ucg_com_arduino_send_generic_SW_SPI
                0x0000000008003a60       0x74 C:\Users\Trang\STM32CubeIDE\workspace_1.10.1\serial-host-mcu-clean-code\SDK_1.0.3_NUCLEO-F401RE\SDK_1.0.3_NUCLEO-F401RE\lib_stm\libLibraries.a(Ucglib.o)
 .text.ucg_com_arduino_generic_SW_SPI
                0x0000000008003ad4      0x1ec C:\Users\Trang\STM32CubeIDE\workspace_1.10.1\serial-host-mcu-clean-code\SDK_1.0.3_NUCLEO-F401RE\SDK_1.0.3_NUCLEO-F401RE\lib_stm\libLibraries.a(Ucglib.o)
 .text.Ucglib4WireSWSPI_begin
                0x0000000008003cc0       0x38 C:\Users\Trang\STM32CubeIDE\workspace_1.10.1\serial-host-mcu-clean-code\SDK_1.0.3_NUCLEO-F401RE\SDK_1.0.3_NUCLEO-F401RE\lib_stm\libLibraries.a(Ucglib.o)
                0x0000000008003cc0                Ucglib4WireSWSPI_begin
 .text.ucg_DrawBox
                0x0000000008003cf8       0x56 C:\Users\Trang\STM32CubeIDE\workspace_1.10.1\serial-host-mcu-clean-code\SDK_1.0.3_NUCLEO-F401RE\SDK_1.0.3_NUCLEO-F401RE\lib_stm\libLibraries.a(ucg_box.o)
                0x0000000008003cf8                ucg_DrawBox
 .text.ucg_ClearScreen
                0x0000000008003d4e       0x50 C:\Users\Trang\STM32CubeIDE\workspace_1.10.1\serial-host-mcu-clean-code\SDK_1.0.3_NUCLEO-F401RE\SDK_1.0.3_NUCLEO-F401RE\lib_stm\libLibraries.a(ucg_box.o)
                0x0000000008003d4e                ucg_ClearScreen
 .text.ucg_ccs_init
                0x0000000008003d9e       0xc0 C:\Users\Trang\STM32CubeIDE\workspace_1.10.1\serial-host-mcu-clean-code\SDK_1.0.3_NUCLEO-F401RE\SDK_1.0.3_NUCLEO-F401RE\lib_stm\libLibraries.a(ucg_ccs.o)
                0x0000000008003d9e                ucg_ccs_init
 .text.ucg_ccs_step
                0x0000000008003e5e       0x80 C:\Users\Trang\STM32CubeIDE\workspace_1.10.1\serial-host-mcu-clean-code\SDK_1.0.3_NUCLEO-F401RE\SDK_1.0.3_NUCLEO-F401RE\lib_stm\libLibraries.a(ucg_ccs.o)
                0x0000000008003e5e                ucg_ccs_step
 .text.ucg_ccs_seek
                0x0000000008003ede       0xca C:\Users\Trang\STM32CubeIDE\workspace_1.10.1\serial-host-mcu-clean-code\SDK_1.0.3_NUCLEO-F401RE\SDK_1.0.3_NUCLEO-F401RE\lib_stm\libLibraries.a(ucg_ccs.o)
                0x0000000008003ede                ucg_ccs_seek
 .text.ucg_dev_default_cb
                0x0000000008003fa8       0x44 C:\Users\Trang\STM32CubeIDE\workspace_1.10.1\serial-host-mcu-clean-code\SDK_1.0.3_NUCLEO-F401RE\SDK_1.0.3_NUCLEO-F401RE\lib_stm\libLibraries.a(ucg_dev_default_cb.o)
                0x0000000008003fa8                ucg_dev_default_cb
 .text.ucg_ext_none
                0x0000000008003fec       0x1c C:\Users\Trang\STM32CubeIDE\workspace_1.10.1\serial-host-mcu-clean-code\SDK_1.0.3_NUCLEO-F401RE\SDK_1.0.3_NUCLEO-F401RE\lib_stm\libLibraries.a(ucg_dev_default_cb.o)
                0x0000000008003fec                ucg_ext_none
 .text.ucg_handle_st7735_l90fx
                0x0000000008004008       0xd8 C:\Users\Trang\STM32CubeIDE\workspace_1.10.1\serial-host-mcu-clean-code\SDK_1.0.3_NUCLEO-F401RE\SDK_1.0.3_NUCLEO-F401RE\lib_stm\libLibraries.a(ucg_dev_ic_st7735.o)
                0x0000000008004008                ucg_handle_st7735_l90fx
 .text.ucg_handle_st7735_l90se
                0x00000000080040e0      0x154 C:\Users\Trang\STM32CubeIDE\workspace_1.10.1\serial-host-mcu-clean-code\SDK_1.0.3_NUCLEO-F401RE\SDK_1.0.3_NUCLEO-F401RE\lib_stm\libLibraries.a(ucg_dev_ic_st7735.o)
                0x00000000080040e0                ucg_handle_st7735_l90se
 .text.ucg_dev_ic_st7735_18
                0x0000000008004234       0xf8 C:\Users\Trang\STM32CubeIDE\workspace_1.10.1\serial-host-mcu-clean-code\SDK_1.0.3_NUCLEO-F401RE\SDK_1.0.3_NUCLEO-F401RE\lib_stm\libLibraries.a(ucg_dev_ic_st7735.o)
                0x0000000008004234                ucg_dev_ic_st7735_18
 .text.ucg_ext_st7735_18
                0x000000000800432c       0x28 C:\Users\Trang\STM32CubeIDE\workspace_1.10.1\serial-host-mcu-clean-code\SDK_1.0.3_NUCLEO-F401RE\SDK_1.0.3_NUCLEO-F401RE\lib_stm\libLibraries.a(ucg_dev_ic_st7735.o)
                0x000000000800432c                ucg_ext_st7735_18
 .text.ucg_PowerDown
                0x0000000008004354       0x34 C:\Users\Trang\STM32CubeIDE\workspace_1.10.1\serial-host-mcu-clean-code\SDK_1.0.3_NUCLEO-F401RE\SDK_1.0.3_NUCLEO-F401RE\lib_stm\libLibraries.a(ucg_dev_msg_api.o)
                0x0000000008004354                ucg_PowerDown
 .text.ucg_PowerUp
                0x0000000008004388       0x3c C:\Users\Trang\STM32CubeIDE\workspace_1.10.1\serial-host-mcu-clean-code\SDK_1.0.3_NUCLEO-F401RE\SDK_1.0.3_NUCLEO-F401RE\lib_stm\libLibraries.a(ucg_dev_msg_api.o)
                0x0000000008004388                ucg_PowerUp
 .text.ucg_SetClipBox
                0x00000000080043c4       0x1e C:\Users\Trang\STM32CubeIDE\workspace_1.10.1\serial-host-mcu-clean-code\SDK_1.0.3_NUCLEO-F401RE\SDK_1.0.3_NUCLEO-F401RE\lib_stm\libLibraries.a(ucg_dev_msg_api.o)
                0x00000000080043c4                ucg_SetClipBox
 .text.ucg_SetMaxClipRange
                0x00000000080043e2       0x30 C:\Users\Trang\STM32CubeIDE\workspace_1.10.1\serial-host-mcu-clean-code\SDK_1.0.3_NUCLEO-F401RE\SDK_1.0.3_NUCLEO-F401RE\lib_stm\libLibraries.a(ucg_dev_msg_api.o)
                0x00000000080043e2                ucg_SetMaxClipRange
 .text.ucg_GetDimension
                0x0000000008004412       0x24 C:\Users\Trang\STM32CubeIDE\workspace_1.10.1\serial-host-mcu-clean-code\SDK_1.0.3_NUCLEO-F401RE\SDK_1.0.3_NUCLEO-F401RE\lib_stm\libLibraries.a(ucg_dev_msg_api.o)
                0x0000000008004412                ucg_GetDimension
 .text.ucg_DrawL90FXWithArg
                0x0000000008004436       0x1e C:\Users\Trang\STM32CubeIDE\workspace_1.10.1\serial-host-mcu-clean-code\SDK_1.0.3_NUCLEO-F401RE\SDK_1.0.3_NUCLEO-F401RE\lib_stm\libLibraries.a(ucg_dev_msg_api.o)
                0x0000000008004436                ucg_DrawL90FXWithArg
 .text.ucg_dev_st7735_18x128x128
                0x0000000008004454       0x80 C:\Users\Trang\STM32CubeIDE\workspace_1.10.1\serial-host-mcu-clean-code\SDK_1.0.3_NUCLEO-F401RE\SDK_1.0.3_NUCLEO-F401RE\lib_stm\libLibraries.a(ucg_dev_tft_128x128_st7735.o)
                0x0000000008004454                ucg_dev_st7735_18x128x128
 .text.ucg_font_get_byte
                0x00000000080044d4       0x24 C:\Users\Trang\STM32CubeIDE\workspace_1.10.1\serial-host-mcu-clean-code\SDK_1.0.3_NUCLEO-F401RE\SDK_1.0.3_NUCLEO-F401RE\lib_stm\libLibraries.a(ucg_font.o)
 .text.ucg_font_get_word
                0x00000000080044f8       0x40 C:\Users\Trang\STM32CubeIDE\workspace_1.10.1\serial-host-mcu-clean-code\SDK_1.0.3_NUCLEO-F401RE\SDK_1.0.3_NUCLEO-F401RE\lib_stm\libLibraries.a(ucg_font.o)
 .text.ucg_read_font_info
                0x0000000008004538      0x142 C:\Users\Trang\STM32CubeIDE\workspace_1.10.1\serial-host-mcu-clean-code\SDK_1.0.3_NUCLEO-F401RE\SDK_1.0.3_NUCLEO-F401RE\lib_stm\libLibraries.a(ucg_font.o)
                0x0000000008004538                ucg_read_font_info
 .text.ucg_font_decode_get_unsigned_bits
                0x000000000800467a       0x96 C:\Users\Trang\STM32CubeIDE\workspace_1.10.1\serial-host-mcu-clean-code\SDK_1.0.3_NUCLEO-F401RE\SDK_1.0.3_NUCLEO-F401RE\lib_stm\libLibraries.a(ucg_font.o)
                0x000000000800467a                ucg_font_decode_get_unsigned_bits
 .text.ucg_font_decode_get_signed_bits
                0x0000000008004710       0x46 C:\Users\Trang\STM32CubeIDE\workspace_1.10.1\serial-host-mcu-clean-code\SDK_1.0.3_NUCLEO-F401RE\SDK_1.0.3_NUCLEO-F401RE\lib_stm\libLibraries.a(ucg_font.o)
                0x0000000008004710                ucg_font_decode_get_signed_bits
 .text.ucg_add_vector_y
                0x0000000008004756       0x7a C:\Users\Trang\STM32CubeIDE\workspace_1.10.1\serial-host-mcu-clean-code\SDK_1.0.3_NUCLEO-F401RE\SDK_1.0.3_NUCLEO-F401RE\lib_stm\libLibraries.a(ucg_font.o)
 .text.ucg_add_vector_x
                0x00000000080047d0       0x7a C:\Users\Trang\STM32CubeIDE\workspace_1.10.1\serial-host-mcu-clean-code\SDK_1.0.3_NUCLEO-F401RE\SDK_1.0.3_NUCLEO-F401RE\lib_stm\libLibraries.a(ucg_font.o)
 .text.ucg_font_decode_len
                0x000000000800484a      0x118 C:\Users\Trang\STM32CubeIDE\workspace_1.10.1\serial-host-mcu-clean-code\SDK_1.0.3_NUCLEO-F401RE\SDK_1.0.3_NUCLEO-F401RE\lib_stm\libLibraries.a(ucg_font.o)
                0x000000000800484a                ucg_font_decode_len
 .text.ucg_font_setup_decode
                0x0000000008004962       0x64 C:\Users\Trang\STM32CubeIDE\workspace_1.10.1\serial-host-mcu-clean-code\SDK_1.0.3_NUCLEO-F401RE\SDK_1.0.3_NUCLEO-F401RE\lib_stm\libLibraries.a(ucg_font.o)
 .text.ucg_font_decode_glyph
                0x00000000080049c6      0x14c C:\Users\Trang\STM32CubeIDE\workspace_1.10.1\serial-host-mcu-clean-code\SDK_1.0.3_NUCLEO-F401RE\SDK_1.0.3_NUCLEO-F401RE\lib_stm\libLibraries.a(ucg_font.o)
                0x00000000080049c6                ucg_font_decode_glyph
 .text.ucg_font_get_glyph_data
                0x0000000008004b12       0x7a C:\Users\Trang\STM32CubeIDE\workspace_1.10.1\serial-host-mcu-clean-code\SDK_1.0.3_NUCLEO-F401RE\SDK_1.0.3_NUCLEO-F401RE\lib_stm\libLibraries.a(ucg_font.o)
                0x0000000008004b12                ucg_font_get_glyph_data
 .text.ucg_font_draw_glyph
                0x0000000008004b8c       0x62 C:\Users\Trang\STM32CubeIDE\workspace_1.10.1\serial-host-mcu-clean-code\SDK_1.0.3_NUCLEO-F401RE\SDK_1.0.3_NUCLEO-F401RE\lib_stm\libLibraries.a(ucg_font.o)
                0x0000000008004b8c                ucg_font_draw_glyph
 .text.ucg_SetFontMode
                0x0000000008004bee       0x20 C:\Users\Trang\STM32CubeIDE\workspace_1.10.1\serial-host-mcu-clean-code\SDK_1.0.3_NUCLEO-F401RE\SDK_1.0.3_NUCLEO-F401RE\lib_stm\libLibraries.a(ucg_font.o)
                0x0000000008004bee                ucg_SetFontMode
 *fill*         0x0000000008004c0e        0x2 
 .text.ucg_DrawGlyph
                0x0000000008004c10       0xb0 C:\Users\Trang\STM32CubeIDE\workspace_1.10.1\serial-host-mcu-clean-code\SDK_1.0.3_NUCLEO-F401RE\SDK_1.0.3_NUCLEO-F401RE\lib_stm\libLibraries.a(ucg_font.o)
                0x0000000008004c10                ucg_DrawGlyph
 .text.task_drawString
                0x0000000008004cc0      0x138 C:\Users\Trang\STM32CubeIDE\workspace_1.10.1\serial-host-mcu-clean-code\SDK_1.0.3_NUCLEO-F401RE\SDK_1.0.3_NUCLEO-F401RE\lib_stm\libLibraries.a(ucg_font.o)
                0x0000000008004cc0                task_drawString
 .text.ucg_DrawString
                0x0000000008004df8       0x78 C:\Users\Trang\STM32CubeIDE\workspace_1.10.1\serial-host-mcu-clean-code\SDK_1.0.3_NUCLEO-F401RE\SDK_1.0.3_NUCLEO-F401RE\lib_stm\libLibraries.a(ucg_font.o)
                0x0000000008004df8                ucg_DrawString
 .text.ucg_UpdateRefHeight
                0x0000000008004e70       0xd8 C:\Users\Trang\STM32CubeIDE\workspace_1.10.1\serial-host-mcu-clean-code\SDK_1.0.3_NUCLEO-F401RE\SDK_1.0.3_NUCLEO-F401RE\lib_stm\libLibraries.a(ucg_font.o)
                0x0000000008004e70                ucg_UpdateRefHeight
 .text.ucg_font_calc_vref_font
                0x0000000008004f48       0x16 C:\Users\Trang\STM32CubeIDE\workspace_1.10.1\serial-host-mcu-clean-code\SDK_1.0.3_NUCLEO-F401RE\SDK_1.0.3_NUCLEO-F401RE\lib_stm\libLibraries.a(ucg_font.o)
                0x0000000008004f48                ucg_font_calc_vref_font
 *fill*         0x0000000008004f5e        0x2 
 .text.ucg_SetFontPosBaseline
                0x0000000008004f60       0x20 C:\Users\Trang\STM32CubeIDE\workspace_1.10.1\serial-host-mcu-clean-code\SDK_1.0.3_NUCLEO-F401RE\SDK_1.0.3_NUCLEO-F401RE\lib_stm\libLibraries.a(ucg_font.o)
                0x0000000008004f60                ucg_SetFontPosBaseline
 .text.ucg_SetFont
                0x0000000008004f80       0x4c C:\Users\Trang\STM32CubeIDE\workspace_1.10.1\serial-host-mcu-clean-code\SDK_1.0.3_NUCLEO-F401RE\SDK_1.0.3_NUCLEO-F401RE\lib_stm\libLibraries.a(ucg_font.o)
                0x0000000008004f80                ucg_SetFont
 .text.ucg_init_struct
                0x0000000008004fcc       0x50 C:\Users\Trang\STM32CubeIDE\workspace_1.10.1\serial-host-mcu-clean-code\SDK_1.0.3_NUCLEO-F401RE\SDK_1.0.3_NUCLEO-F401RE\lib_stm\libLibraries.a(ucg_init.o)
                0x0000000008004fcc                ucg_init_struct
 .text.ucg_Init
                0x000000000800501c       0x5c C:\Users\Trang\STM32CubeIDE\workspace_1.10.1\serial-host-mcu-clean-code\SDK_1.0.3_NUCLEO-F401RE\SDK_1.0.3_NUCLEO-F401RE\lib_stm\libLibraries.a(ucg_init.o)
                0x000000000800501c                ucg_Init
 .text.ucg_Draw90Line
                0x0000000008005078       0x88 C:\Users\Trang\STM32CubeIDE\workspace_1.10.1\serial-host-mcu-clean-code\SDK_1.0.3_NUCLEO-F401RE\SDK_1.0.3_NUCLEO-F401RE\lib_stm\libLibraries.a(ucg_line.o)
                0x0000000008005078                ucg_Draw90Line
 .text.ucg_DrawHLine
                0x0000000008005100       0x3e C:\Users\Trang\STM32CubeIDE\workspace_1.10.1\serial-host-mcu-clean-code\SDK_1.0.3_NUCLEO-F401RE\SDK_1.0.3_NUCLEO-F401RE\lib_stm\libLibraries.a(ucg_line.o)
                0x0000000008005100                ucg_DrawHLine
 .text.ucg_SetColor
                0x000000000800513e       0x5c C:\Users\Trang\STM32CubeIDE\workspace_1.10.1\serial-host-mcu-clean-code\SDK_1.0.3_NUCLEO-F401RE\SDK_1.0.3_NUCLEO-F401RE\lib_stm\libLibraries.a(ucg_pixel.o)
                0x000000000800513e                ucg_SetColor
 .text.ucg_UndoRotate
                0x000000000800519a       0x32 C:\Users\Trang\STM32CubeIDE\workspace_1.10.1\serial-host-mcu-clean-code\SDK_1.0.3_NUCLEO-F401RE\SDK_1.0.3_NUCLEO-F401RE\lib_stm\libLibraries.a(ucg_rotate.o)
                0x000000000800519a                ucg_UndoRotate
 .text.ucg_rotate_180_xy
                0x00000000080051cc       0x66 C:\Users\Trang\STM32CubeIDE\workspace_1.10.1\serial-host-mcu-clean-code\SDK_1.0.3_NUCLEO-F401RE\SDK_1.0.3_NUCLEO-F401RE\lib_stm\libLibraries.a(ucg_rotate.o)
 *fill*         0x0000000008005232        0x2 
 .text.ucg_dev_rotate180
                0x0000000008005234      0x100 C:\Users\Trang\STM32CubeIDE\workspace_1.10.1\serial-host-mcu-clean-code\SDK_1.0.3_NUCLEO-F401RE\SDK_1.0.3_NUCLEO-F401RE\lib_stm\libLibraries.a(ucg_rotate.o)
                0x0000000008005234                ucg_dev_rotate180
 .text.ucg_SetRotate180
                0x0000000008005334       0x34 C:\Users\Trang\STM32CubeIDE\workspace_1.10.1\serial-host-mcu-clean-code\SDK_1.0.3_NUCLEO-F401RE\SDK_1.0.3_NUCLEO-F401RE\lib_stm\libLibraries.a(ucg_rotate.o)
                0x0000000008005334                ucg_SetRotate180
 .text.bufInit  0x0000000008005368       0x36 C:\Users\Trang\STM32CubeIDE\workspace_1.10.1\serial-host-mcu-clean-code\SDK_1.0.3_NUCLEO-F401RE\SDK_1.0.3_NUCLEO-F401RE\lib_stm\libLibraries.a(buff.o)
                0x0000000008005368                bufInit
 .text.bufNumItems
                0x000000000800539e       0x18 C:\Users\Trang\STM32CubeIDE\workspace_1.10.1\serial-host-mcu-clean-code\SDK_1.0.3_NUCLEO-F401RE\SDK_1.0.3_NUCLEO-F401RE\lib_stm\libLibraries.a(buff.o)
                0x000000000800539e                bufNumItems
 .text.bufIsFull
                0x00000000080053b6       0x26 C:\Users\Trang\STM32CubeIDE\workspace_1.10.1\serial-host-mcu-clean-code\SDK_1.0.3_NUCLEO-F401RE\SDK_1.0.3_NUCLEO-F401RE\lib_stm\libLibraries.a(buff.o)
                0x00000000080053b6                bufIsFull
 .text.bufIsEmpty
                0x00000000080053dc       0x26 C:\Users\Trang\STM32CubeIDE\workspace_1.10.1\serial-host-mcu-clean-code\SDK_1.0.3_NUCLEO-F401RE\SDK_1.0.3_NUCLEO-F401RE\lib_stm\libLibraries.a(buff.o)
                0x00000000080053dc                bufIsEmpty
 .text.bufFlush
                0x0000000008005402       0x32 C:\Users\Trang\STM32CubeIDE\workspace_1.10.1\serial-host-mcu-clean-code\SDK_1.0.3_NUCLEO-F401RE\SDK_1.0.3_NUCLEO-F401RE\lib_stm\libLibraries.a(buff.o)
                0x0000000008005402                bufFlush
 .text.bufEnDat
                0x0000000008005434       0x9c C:\Users\Trang\STM32CubeIDE\workspace_1.10.1\serial-host-mcu-clean-code\SDK_1.0.3_NUCLEO-F401RE\SDK_1.0.3_NUCLEO-F401RE\lib_stm\libLibraries.a(buff.o)
                0x0000000008005434                bufEnDat
 .text.bufDeDat
                0x00000000080054d0       0x84 C:\Users\Trang\STM32CubeIDE\workspace_1.10.1\serial-host-mcu-clean-code\SDK_1.0.3_NUCLEO-F401RE\SDK_1.0.3_NUCLEO-F401RE\lib_stm\libLibraries.a(buff.o)
                0x00000000080054d0                bufDeDat
 .text.memsetl  0x0000000008005554       0x32 C:\Users\Trang\STM32CubeIDE\workspace_1.10.1\serial-host-mcu-clean-code\SDK_1.0.3_NUCLEO-F401RE\SDK_1.0.3_NUCLEO-F401RE\lib_stm\libLibraries.a(utilities.o)
                0x0000000008005554                memsetl
 *fill*         0x0000000008005586        0x2 
 .text.DMA_DeInit
                0x0000000008005588      0x1a8 C:\Users\Trang\STM32CubeIDE\workspace_1.10.1\serial-host-mcu-clean-code\SDK_1.0.3_NUCLEO-F401RE\SDK_1.0.3_NUCLEO-F401RE\lib_stm\libLibraries.a(stm32f401re_dma.o)
                0x0000000008005588                DMA_DeInit
 .text.DMA_Init
                0x0000000008005730       0xb0 C:\Users\Trang\STM32CubeIDE\workspace_1.10.1\serial-host-mcu-clean-code\SDK_1.0.3_NUCLEO-F401RE\SDK_1.0.3_NUCLEO-F401RE\lib_stm\libLibraries.a(stm32f401re_dma.o)
                0x0000000008005730                DMA_Init
 .text.DMA_Cmd  0x00000000080057e0       0x38 C:\Users\Trang\STM32CubeIDE\workspace_1.10.1\serial-host-mcu-clean-code\SDK_1.0.3_NUCLEO-F401RE\SDK_1.0.3_NUCLEO-F401RE\lib_stm\libLibraries.a(stm32f401re_dma.o)
                0x00000000080057e0                DMA_Cmd
 .text.I2C_Init
                0x0000000008005818      0x184 C:\Users\Trang\STM32CubeIDE\workspace_1.10.1\serial-host-mcu-clean-code\SDK_1.0.3_NUCLEO-F401RE\SDK_1.0.3_NUCLEO-F401RE\lib_stm\libLibraries.a(stm32f401re_i2c.o)
                0x0000000008005818                I2C_Init
 .text.I2C_Cmd  0x000000000800599c       0x40 C:\Users\Trang\STM32CubeIDE\workspace_1.10.1\serial-host-mcu-clean-code\SDK_1.0.3_NUCLEO-F401RE\SDK_1.0.3_NUCLEO-F401RE\lib_stm\libLibraries.a(stm32f401re_i2c.o)
                0x000000000800599c                I2C_Cmd
 .text.I2C_GenerateSTART
                0x00000000080059dc       0x40 C:\Users\Trang\STM32CubeIDE\workspace_1.10.1\serial-host-mcu-clean-code\SDK_1.0.3_NUCLEO-F401RE\SDK_1.0.3_NUCLEO-F401RE\lib_stm\libLibraries.a(stm32f401re_i2c.o)
                0x00000000080059dc                I2C_GenerateSTART
 .text.I2C_GenerateSTOP
                0x0000000008005a1c       0x40 C:\Users\Trang\STM32CubeIDE\workspace_1.10.1\serial-host-mcu-clean-code\SDK_1.0.3_NUCLEO-F401RE\SDK_1.0.3_NUCLEO-F401RE\lib_stm\libLibraries.a(stm32f401re_i2c.o)
                0x0000000008005a1c                I2C_GenerateSTOP
 .text.I2C_Send7bitAddress
                0x0000000008005a5c       0x3c C:\Users\Trang\STM32CubeIDE\workspace_1.10.1\serial-host-mcu-clean-code\SDK_1.0.3_NUCLEO-F401RE\SDK_1.0.3_NUCLEO-F401RE\lib_stm\libLibraries.a(stm32f401re_i2c.o)
                0x0000000008005a5c                I2C_Send7bitAddress
 .text.I2C_AcknowledgeConfig
                0x0000000008005a98       0x40 C:\Users\Trang\STM32CubeIDE\workspace_1.10.1\serial-host-mcu-clean-code\SDK_1.0.3_NUCLEO-F401RE\SDK_1.0.3_NUCLEO-F401RE\lib_stm\libLibraries.a(stm32f401re_i2c.o)
                0x0000000008005a98                I2C_AcknowledgeConfig
 .text.I2C_SendData
                0x0000000008005ad8       0x20 C:\Users\Trang\STM32CubeIDE\workspace_1.10.1\serial-host-mcu-clean-code\SDK_1.0.3_NUCLEO-F401RE\SDK_1.0.3_NUCLEO-F401RE\lib_stm\libLibraries.a(stm32f401re_i2c.o)
                0x0000000008005ad8                I2C_SendData
 .text.I2C_ReceiveData
                0x0000000008005af8       0x1c C:\Users\Trang\STM32CubeIDE\workspace_1.10.1\serial-host-mcu-clean-code\SDK_1.0.3_NUCLEO-F401RE\SDK_1.0.3_NUCLEO-F401RE\lib_stm\libLibraries.a(stm32f401re_i2c.o)
                0x0000000008005af8                I2C_ReceiveData
 .text.I2C_CheckEvent
                0x0000000008005b14       0x60 C:\Users\Trang\STM32CubeIDE\workspace_1.10.1\serial-host-mcu-clean-code\SDK_1.0.3_NUCLEO-F401RE\SDK_1.0.3_NUCLEO-F401RE\lib_stm\libLibraries.a(stm32f401re_i2c.o)
                0x0000000008005b14                I2C_CheckEvent
 .text.I2C_GetFlagStatus
                0x0000000008005b74       0x66 C:\Users\Trang\STM32CubeIDE\workspace_1.10.1\serial-host-mcu-clean-code\SDK_1.0.3_NUCLEO-F401RE\SDK_1.0.3_NUCLEO-F401RE\lib_stm\libLibraries.a(stm32f401re_i2c.o)
                0x0000000008005b74                I2C_GetFlagStatus
 *fill*         0x0000000008005bda        0x2 
 .text.TIM_TimeBaseInit
                0x0000000008005bdc       0xd8 C:\Users\Trang\STM32CubeIDE\workspace_1.10.1\serial-host-mcu-clean-code\SDK_1.0.3_NUCLEO-F401RE\SDK_1.0.3_NUCLEO-F401RE\lib_stm\libLibraries.a(stm32f401re_tim.o)
                0x0000000008005bdc                TIM_TimeBaseInit
 .text.TIM_Cmd  0x0000000008005cb4       0x40 C:\Users\Trang\STM32CubeIDE\workspace_1.10.1\serial-host-mcu-clean-code\SDK_1.0.3_NUCLEO-F401RE\SDK_1.0.3_NUCLEO-F401RE\lib_stm\libLibraries.a(stm32f401re_tim.o)
                0x0000000008005cb4                TIM_Cmd
 .text.TIM_OC1Init
                0x0000000008005cf4       0xf4 C:\Users\Trang\STM32CubeIDE\workspace_1.10.1\serial-host-mcu-clean-code\SDK_1.0.3_NUCLEO-F401RE\SDK_1.0.3_NUCLEO-F401RE\lib_stm\libLibraries.a(stm32f401re_tim.o)
                0x0000000008005cf4                TIM_OC1Init
 .text.TIM_OC2Init
                0x0000000008005de8      0x110 C:\Users\Trang\STM32CubeIDE\workspace_1.10.1\serial-host-mcu-clean-code\SDK_1.0.3_NUCLEO-F401RE\SDK_1.0.3_NUCLEO-F401RE\lib_stm\libLibraries.a(stm32f401re_tim.o)
                0x0000000008005de8                TIM_OC2Init
 .text.TIM_OC3Init
                0x0000000008005ef8      0x10c C:\Users\Trang\STM32CubeIDE\workspace_1.10.1\serial-host-mcu-clean-code\SDK_1.0.3_NUCLEO-F401RE\SDK_1.0.3_NUCLEO-F401RE\lib_stm\libLibraries.a(stm32f401re_tim.o)
                0x0000000008005ef8                TIM_OC3Init
 .text.TIM_OC4Init
                0x0000000008006004       0xd0 C:\Users\Trang\STM32CubeIDE\workspace_1.10.1\serial-host-mcu-clean-code\SDK_1.0.3_NUCLEO-F401RE\SDK_1.0.3_NUCLEO-F401RE\lib_stm\libLibraries.a(stm32f401re_tim.o)
                0x0000000008006004                TIM_OC4Init
 .text.TIM_SetCompare1
                0x00000000080060d4       0x1c C:\Users\Trang\STM32CubeIDE\workspace_1.10.1\serial-host-mcu-clean-code\SDK_1.0.3_NUCLEO-F401RE\SDK_1.0.3_NUCLEO-F401RE\lib_stm\libLibraries.a(stm32f401re_tim.o)
                0x00000000080060d4                TIM_SetCompare1
 .text.TIM_SetCompare2
                0x00000000080060f0       0x1c C:\Users\Trang\STM32CubeIDE\workspace_1.10.1\serial-host-mcu-clean-code\SDK_1.0.3_NUCLEO-F401RE\SDK_1.0.3_NUCLEO-F401RE\lib_stm\libLibraries.a(stm32f401re_tim.o)
                0x00000000080060f0                TIM_SetCompare2
 .text.TIM_SetCompare3
                0x000000000800610c       0x1c C:\Users\Trang\STM32CubeIDE\workspace_1.10.1\serial-host-mcu-clean-code\SDK_1.0.3_NUCLEO-F401RE\SDK_1.0.3_NUCLEO-F401RE\lib_stm\libLibraries.a(stm32f401re_tim.o)
                0x000000000800610c                TIM_SetCompare3
 .text.TIM_SetCompare4
                0x0000000008006128       0x1c C:\Users\Trang\STM32CubeIDE\workspace_1.10.1\serial-host-mcu-clean-code\SDK_1.0.3_NUCLEO-F401RE\SDK_1.0.3_NUCLEO-F401RE\lib_stm\libLibraries.a(stm32f401re_tim.o)
                0x0000000008006128                TIM_SetCompare4
 .text.TIM_CtrlPWMOutputs
                0x0000000008006144       0x4c C:\Users\Trang\STM32CubeIDE\workspace_1.10.1\serial-host-mcu-clean-code\SDK_1.0.3_NUCLEO-F401RE\SDK_1.0.3_NUCLEO-F401RE\lib_stm\libLibraries.a(stm32f401re_tim.o)
                0x0000000008006144                TIM_CtrlPWMOutputs
 .text.Button_Init
                0x0000000008006190       0xbc C:\Users\Trang\STM32CubeIDE\workspace_1.10.1\serial-host-mcu-clean-code\SDK_1.0.3_NUCLEO-F401RE\SDK_1.0.3_NUCLEO-F401RE\lib_stm\libLibraries.a(button.o)
                0x0000000008006190                Button_Init
 .text.Button_SetMode
                0x000000000800624c       0x3c C:\Users\Trang\STM32CubeIDE\workspace_1.10.1\serial-host-mcu-clean-code\SDK_1.0.3_NUCLEO-F401RE\SDK_1.0.3_NUCLEO-F401RE\lib_stm\libLibraries.a(button.o)
                0x000000000800624c                Button_SetMode
 .text.Button_RegisterEventCallback
                0x0000000008006288       0x28 C:\Users\Trang\STM32CubeIDE\workspace_1.10.1\serial-host-mcu-clean-code\SDK_1.0.3_NUCLEO-F401RE\SDK_1.0.3_NUCLEO-F401RE\lib_stm\libLibraries.a(button.o)
                0x0000000008006288                Button_RegisterEventCallback
 .text.ButtonScanTypeEdge
                0x00000000080062b0      0x1fc C:\Users\Trang\STM32CubeIDE\workspace_1.10.1\serial-host-mcu-clean-code\SDK_1.0.3_NUCLEO-F401RE\SDK_1.0.3_NUCLEO-F401RE\lib_stm\libLibraries.a(button.o)
 .text.ButtonScan
                0x00000000080064ac       0x4c C:\Users\Trang\STM32CubeIDE\workspace_1.10.1\serial-host-mcu-clean-code\SDK_1.0.3_NUCLEO-F401RE\SDK_1.0.3_NUCLEO-F401RE\lib_stm\libLibraries.a(button.o)
 .text.BTNGPIO_Init
                0x00000000080064f8       0x6c C:\Users\Trang\STM32CubeIDE\workspace_1.10.1\serial-host-mcu-clean-code\SDK_1.0.3_NUCLEO-F401RE\SDK_1.0.3_NUCLEO-F401RE\lib_stm\libLibraries.a(button.o)
 .text.ucg_clip_is_x_visible
                0x0000000008006564       0x4a C:\Users\Trang\STM32CubeIDE\workspace_1.10.1\serial-host-mcu-clean-code\SDK_1.0.3_NUCLEO-F401RE\SDK_1.0.3_NUCLEO-F401RE\lib_stm\libLibraries.a(ucg_clip.o)
 .text.ucg_clip_is_y_visible
                0x00000000080065ae       0x4a C:\Users\Trang\STM32CubeIDE\workspace_1.10.1\serial-host-mcu-clean-code\SDK_1.0.3_NUCLEO-F401RE\SDK_1.0.3_NUCLEO-F401RE\lib_stm\libLibraries.a(ucg_clip.o)
 .text.ucg_clip_intersection
                0x00000000080065f8       0x74 C:\Users\Trang\STM32CubeIDE\workspace_1.10.1\serial-host-mcu-clean-code\SDK_1.0.3_NUCLEO-F401RE\SDK_1.0.3_NUCLEO-F401RE\lib_stm\libLibraries.a(ucg_clip.o)
 .text.ucg_clip_is_pixel_visible
                0x000000000800666c       0x32 C:\Users\Trang\STM32CubeIDE\workspace_1.10.1\serial-host-mcu-clean-code\SDK_1.0.3_NUCLEO-F401RE\SDK_1.0.3_NUCLEO-F401RE\lib_stm\libLibraries.a(ucg_clip.o)
                0x000000000800666c                ucg_clip_is_pixel_visible
 *fill*         0x000000000800669e        0x2 
 .text.ucg_clip_l90fx
                0x00000000080066a0      0x300 C:\Users\Trang\STM32CubeIDE\workspace_1.10.1\serial-host-mcu-clean-code\SDK_1.0.3_NUCLEO-F401RE\SDK_1.0.3_NUCLEO-F401RE\lib_stm\libLibraries.a(ucg_clip.o)
                0x00000000080066a0                ucg_clip_l90fx
 .text.ucg_clip_l90se
                0x00000000080069a0       0x54 C:\Users\Trang\STM32CubeIDE\workspace_1.10.1\serial-host-mcu-clean-code\SDK_1.0.3_NUCLEO-F401RE\SDK_1.0.3_NUCLEO-F401RE\lib_stm\libLibraries.a(ucg_clip.o)
                0x00000000080069a0                ucg_clip_l90se
 .text.ucg_com_PowerDown
                0x00000000080069f4       0x3e C:\Users\Trang\STM32CubeIDE\workspace_1.10.1\serial-host-mcu-clean-code\SDK_1.0.3_NUCLEO-F401RE\SDK_1.0.3_NUCLEO-F401RE\lib_stm\libLibraries.a(ucg_com_msg_api.o)
                0x00000000080069f4                ucg_com_PowerDown
 .text.ucg_com_PowerUp
                0x0000000008006a32       0x60 C:\Users\Trang\STM32CubeIDE\workspace_1.10.1\serial-host-mcu-clean-code\SDK_1.0.3_NUCLEO-F401RE\SDK_1.0.3_NUCLEO-F401RE\lib_stm\libLibraries.a(ucg_com_msg_api.o)
                0x0000000008006a32                ucg_com_PowerUp
 .text.ucg_com_SetLineStatus
                0x0000000008006a92       0xe2 C:\Users\Trang\STM32CubeIDE\workspace_1.10.1\serial-host-mcu-clean-code\SDK_1.0.3_NUCLEO-F401RE\SDK_1.0.3_NUCLEO-F401RE\lib_stm\libLibraries.a(ucg_com_msg_api.o)
                0x0000000008006a92                ucg_com_SetLineStatus
 .text.ucg_com_SetResetLineStatus
                0x0000000008006b74       0x20 C:\Users\Trang\STM32CubeIDE\workspace_1.10.1\serial-host-mcu-clean-code\SDK_1.0.3_NUCLEO-F401RE\SDK_1.0.3_NUCLEO-F401RE\lib_stm\libLibraries.a(ucg_com_msg_api.o)
                0x0000000008006b74                ucg_com_SetResetLineStatus
 .text.ucg_com_SetCSLineStatus
                0x0000000008006b94       0x20 C:\Users\Trang\STM32CubeIDE\workspace_1.10.1\serial-host-mcu-clean-code\SDK_1.0.3_NUCLEO-F401RE\SDK_1.0.3_NUCLEO-F401RE\lib_stm\libLibraries.a(ucg_com_msg_api.o)
                0x0000000008006b94                ucg_com_SetCSLineStatus
 .text.ucg_com_SetCDLineStatus
                0x0000000008006bb4       0x20 C:\Users\Trang\STM32CubeIDE\workspace_1.10.1\serial-host-mcu-clean-code\SDK_1.0.3_NUCLEO-F401RE\SDK_1.0.3_NUCLEO-F401RE\lib_stm\libLibraries.a(ucg_com_msg_api.o)
                0x0000000008006bb4                ucg_com_SetCDLineStatus
 .text.ucg_com_DelayMicroseconds
                0x0000000008006bd4       0x22 C:\Users\Trang\STM32CubeIDE\workspace_1.10.1\serial-host-mcu-clean-code\SDK_1.0.3_NUCLEO-F401RE\SDK_1.0.3_NUCLEO-F401RE\lib_stm\libLibraries.a(ucg_com_msg_api.o)
                0x0000000008006bd4                ucg_com_DelayMicroseconds
 .text.ucg_com_DelayMilliseconds
                0x0000000008006bf6       0x2c C:\Users\Trang\STM32CubeIDE\workspace_1.10.1\serial-host-mcu-clean-code\SDK_1.0.3_NUCLEO-F401RE\SDK_1.0.3_NUCLEO-F401RE\lib_stm\libLibraries.a(ucg_com_msg_api.o)
                0x0000000008006bf6                ucg_com_DelayMilliseconds
 .text.ucg_com_SendByte
                0x0000000008006c22       0x24 C:\Users\Trang\STM32CubeIDE\workspace_1.10.1\serial-host-mcu-clean-code\SDK_1.0.3_NUCLEO-F401RE\SDK_1.0.3_NUCLEO-F401RE\lib_stm\libLibraries.a(ucg_com_msg_api.o)
                0x0000000008006c22                ucg_com_SendByte
 .text.ucg_com_SendStringP
                0x0000000008006c46       0x40 C:\Users\Trang\STM32CubeIDE\workspace_1.10.1\serial-host-mcu-clean-code\SDK_1.0.3_NUCLEO-F401RE\SDK_1.0.3_NUCLEO-F401RE\lib_stm\libLibraries.a(ucg_com_msg_api.o)
                0x0000000008006c46                ucg_com_SendStringP
 .text.ucg_com_SendCmdArg
                0x0000000008006c86       0x74 C:\Users\Trang\STM32CubeIDE\workspace_1.10.1\serial-host-mcu-clean-code\SDK_1.0.3_NUCLEO-F401RE\SDK_1.0.3_NUCLEO-F401RE\lib_stm\libLibraries.a(ucg_com_msg_api.o)
 *fill*         0x0000000008006cfa        0x2 
 .text.ucg_com_SendCmdSeq
                0x0000000008006cfc      0x278 C:\Users\Trang\STM32CubeIDE\workspace_1.10.1\serial-host-mcu-clean-code\SDK_1.0.3_NUCLEO-F401RE\SDK_1.0.3_NUCLEO-F401RE\lib_stm\libLibraries.a(ucg_com_msg_api.o)
                0x0000000008006cfc                ucg_com_SendCmdSeq
 .text.__errno  0x0000000008006f74        0xc c:/st/stm32cubeide_1.10.1/stm32cubeide/plugins/com.st.stm32cube.ide.mcu.externaltools.gnu-tools-for-stm32.10.3-2021.10.win32_1.0.0.202111181127/tools/bin/../lib/gcc/arm-none-eabi/10.3.1/../../../../arm-none-eabi/lib/thumb/v7e-m+fp/hard\libc_nano.a(lib_a-errno.o)
                0x0000000008006f74                __errno
 .text.__libc_init_array
                0x0000000008006f80       0x48 c:/st/stm32cubeide_1.10.1/stm32cubeide/plugins/com.st.stm32cube.ide.mcu.externaltools.gnu-tools-for-stm32.10.3-2021.10.win32_1.0.0.202111181127/tools/bin/../lib/gcc/arm-none-eabi/10.3.1/../../../../arm-none-eabi/lib/thumb/v7e-m+fp/hard\libc_nano.a(lib_a-init.o)
                0x0000000008006f80                __libc_init_array
 .text.memset   0x0000000008006fc8       0x10 c:/st/stm32cubeide_1.10.1/stm32cubeide/plugins/com.st.stm32cube.ide.mcu.externaltools.gnu-tools-for-stm32.10.3-2021.10.win32_1.0.0.202111181127/tools/bin/../lib/gcc/arm-none-eabi/10.3.1/../../../../arm-none-eabi/lib/thumb/v7e-m+fp/hard\libc_nano.a(lib_a-memset.o)
                0x0000000008006fc8                memset
 .text.sprintf  0x0000000008006fd8       0x40 c:/st/stm32cubeide_1.10.1/stm32cubeide/plugins/com.st.stm32cube.ide.mcu.externaltools.gnu-tools-for-stm32.10.3-2021.10.win32_1.0.0.202111181127/tools/bin/../lib/gcc/arm-none-eabi/10.3.1/../../../../arm-none-eabi/lib/thumb/v7e-m+fp/hard\libc_nano.a(lib_a-sprintf.o)
                0x0000000008006fd8                siprintf
                0x0000000008006fd8                sprintf
 .text.__ssputs_r
                0x0000000008007018       0xb6 c:/st/stm32cubeide_1.10.1/stm32cubeide/plugins/com.st.stm32cube.ide.mcu.externaltools.gnu-tools-for-stm32.10.3-2021.10.win32_1.0.0.202111181127/tools/bin/../lib/gcc/arm-none-eabi/10.3.1/../../../../arm-none-eabi/lib/thumb/v7e-m+fp/hard\libc_nano.a(lib_a-nano-svfprintf.o)
                0x0000000008007018                __ssputs_r
 *fill*         0x00000000080070ce        0x2 
 .text._svfprintf_r
                0x00000000080070d0      0x200 c:/st/stm32cubeide_1.10.1/stm32cubeide/plugins/com.st.stm32cube.ide.mcu.externaltools.gnu-tools-for-stm32.10.3-2021.10.win32_1.0.0.202111181127/tools/bin/../lib/gcc/arm-none-eabi/10.3.1/../../../../arm-none-eabi/lib/thumb/v7e-m+fp/hard\libc_nano.a(lib_a-nano-svfprintf.o)
                0x00000000080070d0                _svfiprintf_r
                0x00000000080070d0                _svfprintf_r
 .text._printf_common
                0x00000000080072d0       0xda c:/st/stm32cubeide_1.10.1/stm32cubeide/plugins/com.st.stm32cube.ide.mcu.externaltools.gnu-tools-for-stm32.10.3-2021.10.win32_1.0.0.202111181127/tools/bin/../lib/gcc/arm-none-eabi/10.3.1/../../../../arm-none-eabi/lib/thumb/v7e-m+fp/hard\libc_nano.a(lib_a-nano-vfprintf_i.o)
                0x00000000080072d0                _printf_common
 *fill*         0x00000000080073aa        0x2 
 .text._printf_i
                0x00000000080073ac      0x24c c:/st/stm32cubeide_1.10.1/stm32cubeide/plugins/com.st.stm32cube.ide.mcu.externaltools.gnu-tools-for-stm32.10.3-2021.10.win32_1.0.0.202111181127/tools/bin/../lib/gcc/arm-none-eabi/10.3.1/../../../../arm-none-eabi/lib/thumb/v7e-m+fp/hard\libc_nano.a(lib_a-nano-vfprintf_i.o)
                0x00000000080073ac                _printf_i
 .text.memcpy   0x00000000080075f8       0x1c c:/st/stm32cubeide_1.10.1/stm32cubeide/plugins/com.st.stm32cube.ide.mcu.externaltools.gnu-tools-for-stm32.10.3-2021.10.win32_1.0.0.202111181127/tools/bin/../lib/gcc/arm-none-eabi/10.3.1/../../../../arm-none-eabi/lib/thumb/v7e-m+fp/hard\libc_nano.a(lib_a-memcpy-stub.o)
                0x00000000080075f8                memcpy
 .text.memmove  0x0000000008007614       0x34 c:/st/stm32cubeide_1.10.1/stm32cubeide/plugins/com.st.stm32cube.ide.mcu.externaltools.gnu-tools-for-stm32.10.3-2021.10.win32_1.0.0.202111181127/tools/bin/../lib/gcc/arm-none-eabi/10.3.1/../../../../arm-none-eabi/lib/thumb/v7e-m+fp/hard\libc_nano.a(lib_a-memmove.o)
                0x0000000008007614                memmove
 .text._free_r  0x0000000008007648       0x98 c:/st/stm32cubeide_1.10.1/stm32cubeide/plugins/com.st.stm32cube.ide.mcu.externaltools.gnu-tools-for-stm32.10.3-2021.10.win32_1.0.0.202111181127/tools/bin/../lib/gcc/arm-none-eabi/10.3.1/../../../../arm-none-eabi/lib/thumb/v7e-m+fp/hard\libc_nano.a(lib_a-nano-freer.o)
                0x0000000008007648                _free_r
 .text.sbrk_aligned
                0x00000000080076e0       0x40 c:/st/stm32cubeide_1.10.1/stm32cubeide/plugins/com.st.stm32cube.ide.mcu.externaltools.gnu-tools-for-stm32.10.3-2021.10.win32_1.0.0.202111181127/tools/bin/../lib/gcc/arm-none-eabi/10.3.1/../../../../arm-none-eabi/lib/thumb/v7e-m+fp/hard\libc_nano.a(lib_a-nano-mallocr.o)
 .text._malloc_r
                0x0000000008007720       0xe8 c:/st/stm32cubeide_1.10.1/stm32cubeide/plugins/com.st.stm32cube.ide.mcu.externaltools.gnu-tools-for-stm32.10.3-2021.10.win32_1.0.0.202111181127/tools/bin/../lib/gcc/arm-none-eabi/10.3.1/../../../../arm-none-eabi/lib/thumb/v7e-m+fp/hard\libc_nano.a(lib_a-nano-mallocr.o)
                0x0000000008007720                _malloc_r
 .text._realloc_r
                0x0000000008007808       0x5e c:/st/stm32cubeide_1.10.1/stm32cubeide/plugins/com.st.stm32cube.ide.mcu.externaltools.gnu-tools-for-stm32.10.3-2021.10.win32_1.0.0.202111181127/tools/bin/../lib/gcc/arm-none-eabi/10.3.1/../../../../arm-none-eabi/lib/thumb/v7e-m+fp/hard\libc_nano.a(lib_a-nano-reallocr.o)
                0x0000000008007808                _realloc_r
 *fill*         0x0000000008007866        0x2 
 .text._sbrk_r  0x0000000008007868       0x20 c:/st/stm32cubeide_1.10.1/stm32cubeide/plugins/com.st.stm32cube.ide.mcu.externaltools.gnu-tools-for-stm32.10.3-2021.10.win32_1.0.0.202111181127/tools/bin/../lib/gcc/arm-none-eabi/10.3.1/../../../../arm-none-eabi/lib/thumb/v7e-m+fp/hard\libc_nano.a(lib_a-sbrkr.o)
                0x0000000008007868                _sbrk_r
 .text.__malloc_lock
                0x0000000008007888        0xc c:/st/stm32cubeide_1.10.1/stm32cubeide/plugins/com.st.stm32cube.ide.mcu.externaltools.gnu-tools-for-stm32.10.3-2021.10.win32_1.0.0.202111181127/tools/bin/../lib/gcc/arm-none-eabi/10.3.1/../../../../arm-none-eabi/lib/thumb/v7e-m+fp/hard\libc_nano.a(lib_a-mlock.o)
                0x0000000008007888                __malloc_lock
 .text.__malloc_unlock
                0x0000000008007894        0xc c:/st/stm32cubeide_1.10.1/stm32cubeide/plugins/com.st.stm32cube.ide.mcu.externaltools.gnu-tools-for-stm32.10.3-2021.10.win32_1.0.0.202111181127/tools/bin/../lib/gcc/arm-none-eabi/10.3.1/../../../../arm-none-eabi/lib/thumb/v7e-m+fp/hard\libc_nano.a(lib_a-mlock.o)
                0x0000000008007894                __malloc_unlock
 .text._malloc_usable_size_r
                0x00000000080078a0       0x10 c:/st/stm32cubeide_1.10.1/stm32cubeide/plugins/com.st.stm32cube.ide.mcu.externaltools.gnu-tools-for-stm32.10.3-2021.10.win32_1.0.0.202111181127/tools/bin/../lib/gcc/arm-none-eabi/10.3.1/../../../../arm-none-eabi/lib/thumb/v7e-m+fp/hard\libc_nano.a(lib_a-nano-msizer.o)
                0x00000000080078a0                _malloc_usable_size_r
 .text.__retarget_lock_acquire_recursive
                0x00000000080078b0        0x2 c:/st/stm32cubeide_1.10.1/stm32cubeide/plugins/com.st.stm32cube.ide.mcu.externaltools.gnu-tools-for-stm32.10.3-2021.10.win32_1.0.0.202111181127/tools/bin/../lib/gcc/arm-none-eabi/10.3.1/../../../../arm-none-eabi/lib/thumb/v7e-m+fp/hard\libc_nano.a(lib_a-lock.o)
                0x00000000080078b0                __retarget_lock_acquire_recursive
 .text.__retarget_lock_release_recursive
                0x00000000080078b2        0x2 c:/st/stm32cubeide_1.10.1/stm32cubeide/plugins/com.st.stm32cube.ide.mcu.externaltools.gnu-tools-for-stm32.10.3-2021.10.win32_1.0.0.202111181127/tools/bin/../lib/gcc/arm-none-eabi/10.3.1/../../../../arm-none-eabi/lib/thumb/v7e-m+fp/hard\libc_nano.a(lib_a-lock.o)
                0x00000000080078b2                __retarget_lock_release_recursive
 *(.glue_7)
 .glue_7        0x00000000080078b4        0x0 linker stubs
 *(.glue_7t)
 .glue_7t       0x00000000080078b4        0x0 linker stubs
 *(.eh_frame)
 .eh_frame      0x00000000080078b4        0x0 c:/st/stm32cubeide_1.10.1/stm32cubeide/plugins/com.st.stm32cube.ide.mcu.externaltools.gnu-tools-for-stm32.10.3-2021.10.win32_1.0.0.202111181127/tools/bin/../lib/gcc/arm-none-eabi/10.3.1/thumb/v7e-m+fp/hard/crtbegin.o
 *(.init)
 .init          0x00000000080078b4        0x4 c:/st/stm32cubeide_1.10.1/stm32cubeide/plugins/com.st.stm32cube.ide.mcu.externaltools.gnu-tools-for-stm32.10.3-2021.10.win32_1.0.0.202111181127/tools/bin/../lib/gcc/arm-none-eabi/10.3.1/thumb/v7e-m+fp/hard/crti.o
                0x00000000080078b4                _init
 .init          0x00000000080078b8        0x8 c:/st/stm32cubeide_1.10.1/stm32cubeide/plugins/com.st.stm32cube.ide.mcu.externaltools.gnu-tools-for-stm32.10.3-2021.10.win32_1.0.0.202111181127/tools/bin/../lib/gcc/arm-none-eabi/10.3.1/thumb/v7e-m+fp/hard/crtn.o
 *(.fini)
 .fini          0x00000000080078c0        0x4 c:/st/stm32cubeide_1.10.1/stm32cubeide/plugins/com.st.stm32cube.ide.mcu.externaltools.gnu-tools-for-stm32.10.3-2021.10.win32_1.0.0.202111181127/tools/bin/../lib/gcc/arm-none-eabi/10.3.1/thumb/v7e-m+fp/hard/crti.o
                0x00000000080078c0                _fini
 .fini          0x00000000080078c4        0x8 c:/st/stm32cubeide_1.10.1/stm32cubeide/plugins/com.st.stm32cube.ide.mcu.externaltools.gnu-tools-for-stm32.10.3-2021.10.win32_1.0.0.202111181127/tools/bin/../lib/gcc/arm-none-eabi/10.3.1/thumb/v7e-m+fp/hard/crtn.o
                0x00000000080078cc                . = ALIGN (0x4)
                0x00000000080078cc                _etext = .

.vfp11_veneer   0x00000000080078cc        0x0
 .vfp11_veneer  0x00000000080078cc        0x0 linker stubs

.v4_bx          0x00000000080078cc        0x0
 .v4_bx         0x00000000080078cc        0x0 linker stubs

.iplt           0x00000000080078cc        0x0
 .iplt          0x00000000080078cc        0x0 c:/st/stm32cubeide_1.10.1/stm32cubeide/plugins/com.st.stm32cube.ide.mcu.externaltools.gnu-tools-for-stm32.10.3-2021.10.win32_1.0.0.202111181127/tools/bin/../lib/gcc/arm-none-eabi/10.3.1/thumb/v7e-m+fp/hard/crtbegin.o

.rodata         0x00000000080078cc     0x1628
                0x00000000080078cc                . = ALIGN (0x4)
 *(.rodata)
 .rodata        0x00000000080078cc      0x105 ./Src/main.o
 *fill*         0x00000000080079d1        0x3 
 .rodata        0x00000000080079d4        0x5 C:\Users\Trang\STM32CubeIDE\workspace_1.10.1\serial-host-mcu-clean-code\SDK_1.0.3_NUCLEO-F401RE\SDK_1.0.3_NUCLEO-F401RE\lib_stm\libLibraries.a(buzzer.o)
 *fill*         0x00000000080079d9        0x3 
 .rodata        0x00000000080079dc        0x9 C:\Users\Trang\STM32CubeIDE\workspace_1.10.1\serial-host-mcu-clean-code\SDK_1.0.3_NUCLEO-F401RE\SDK_1.0.3_NUCLEO-F401RE\lib_stm\libLibraries.a(led.o)
 *fill*         0x00000000080079e5        0x3 
 .rodata        0x00000000080079e8       0x16 C:\Users\Trang\STM32CubeIDE\workspace_1.10.1\serial-host-mcu-clean-code\SDK_1.0.3_NUCLEO-F401RE\SDK_1.0.3_NUCLEO-F401RE\lib_stm\libLibraries.a(temhumsensor.o)
 *fill*         0x00000000080079fe        0x2 
 .rodata        0x0000000008007a00        0xf C:\Users\Trang\STM32CubeIDE\workspace_1.10.1\serial-host-mcu-clean-code\SDK_1.0.3_NUCLEO-F401RE\SDK_1.0.3_NUCLEO-F401RE\lib_stm\libLibraries.a(ucg_font.o)
 *fill*         0x0000000008007a0f        0x1 
 .rodata        0x0000000008007a10        0x1 C:\Users\Trang\STM32CubeIDE\workspace_1.10.1\serial-host-mcu-clean-code\SDK_1.0.3_NUCLEO-F401RE\SDK_1.0.3_NUCLEO-F401RE\lib_stm\libLibraries.a(button.o)
 *(.rodata*)
 *fill*         0x0000000008007a11        0x3 
 .rodata.pinBuzz
                0x0000000008007a14        0x8 C:\Users\Trang\STM32CubeIDE\workspace_1.10.1\serial-host-mcu-clean-code\SDK_1.0.3_NUCLEO-F401RE\SDK_1.0.3_NUCLEO-F401RE\lib_stm\libLibraries.a(buzzer.o)
 .rodata.ucg_st7735_set_pos_seq
                0x0000000008007a1c       0x1e C:\Users\Trang\STM32CubeIDE\workspace_1.10.1\serial-host-mcu-clean-code\SDK_1.0.3_NUCLEO-F401RE\SDK_1.0.3_NUCLEO-F401RE\lib_stm\libLibraries.a(ucg_dev_ic_st7735.o)
                0x0000000008007a1c                ucg_st7735_set_pos_seq
 *fill*         0x0000000008007a3a        0x2 
 .rodata.ucg_st7735_set_pos_dir0_seq
                0x0000000008007a3c       0x1e C:\Users\Trang\STM32CubeIDE\workspace_1.10.1\serial-host-mcu-clean-code\SDK_1.0.3_NUCLEO-F401RE\SDK_1.0.3_NUCLEO-F401RE\lib_stm\libLibraries.a(ucg_dev_ic_st7735.o)
                0x0000000008007a3c                ucg_st7735_set_pos_dir0_seq
 *fill*         0x0000000008007a5a        0x2 
 .rodata.ucg_st7735_set_pos_dir1_seq
                0x0000000008007a5c       0x21 C:\Users\Trang\STM32CubeIDE\workspace_1.10.1\serial-host-mcu-clean-code\SDK_1.0.3_NUCLEO-F401RE\SDK_1.0.3_NUCLEO-F401RE\lib_stm\libLibraries.a(ucg_dev_ic_st7735.o)
                0x0000000008007a5c                ucg_st7735_set_pos_dir1_seq
 *fill*         0x0000000008007a7d        0x3 
 .rodata.ucg_st7735_set_pos_dir2_seq
                0x0000000008007a80       0x21 C:\Users\Trang\STM32CubeIDE\workspace_1.10.1\serial-host-mcu-clean-code\SDK_1.0.3_NUCLEO-F401RE\SDK_1.0.3_NUCLEO-F401RE\lib_stm\libLibraries.a(ucg_dev_ic_st7735.o)
                0x0000000008007a80                ucg_st7735_set_pos_dir2_seq
 *fill*         0x0000000008007aa1        0x3 
 .rodata.ucg_st7735_set_pos_dir3_seq
                0x0000000008007aa4       0x24 C:\Users\Trang\STM32CubeIDE\workspace_1.10.1\serial-host-mcu-clean-code\SDK_1.0.3_NUCLEO-F401RE\SDK_1.0.3_NUCLEO-F401RE\lib_stm\libLibraries.a(ucg_dev_ic_st7735.o)
                0x0000000008007aa4                ucg_st7735_set_pos_dir3_seq
 .rodata.ucg_st7735_power_down_seq
                0x0000000008007ac8        0x7 C:\Users\Trang\STM32CubeIDE\workspace_1.10.1\serial-host-mcu-clean-code\SDK_1.0.3_NUCLEO-F401RE\SDK_1.0.3_NUCLEO-F401RE\lib_stm\libLibraries.a(ucg_dev_ic_st7735.o)
 *fill*         0x0000000008007acf        0x1 
 .rodata.ucg_tft_128x160_st7735_init_seq
                0x0000000008007ad0       0x2c C:\Users\Trang\STM32CubeIDE\workspace_1.10.1\serial-host-mcu-clean-code\SDK_1.0.3_NUCLEO-F401RE\SDK_1.0.3_NUCLEO-F401RE\lib_stm\libLibraries.a(ucg_dev_tft_128x128_st7735.o)
 .rodata.ucg_font_ncenR08_tr
                0x0000000008007afc      0x44e C:\Users\Trang\STM32CubeIDE\workspace_1.10.1\serial-host-mcu-clean-code\SDK_1.0.3_NUCLEO-F401RE\SDK_1.0.3_NUCLEO-F401RE\lib_stm\libLibraries.a(ucg_pixel_font_data.o)
                0x0000000008007afc                ucg_font_ncenR08_tr
 *fill*         0x0000000008007f4a        0x2 
 .rodata.ucg_font_ncenR10_hf
                0x0000000008007f4c      0xf75 C:\Users\Trang\STM32CubeIDE\workspace_1.10.1\serial-host-mcu-clean-code\SDK_1.0.3_NUCLEO-F401RE\SDK_1.0.3_NUCLEO-F401RE\lib_stm\libLibraries.a(ucg_pixel_font_data.o)
                0x0000000008007f4c                ucg_font_ncenR10_hf
 .rodata._svfprintf_r.str1.1
                0x0000000008008ec1       0x11 c:/st/stm32cubeide_1.10.1/stm32cubeide/plugins/com.st.stm32cube.ide.mcu.externaltools.gnu-tools-for-stm32.10.3-2021.10.win32_1.0.0.202111181127/tools/bin/../lib/gcc/arm-none-eabi/10.3.1/../../../../arm-none-eabi/lib/thumb/v7e-m+fp/hard\libc_nano.a(lib_a-nano-svfprintf.o)
 .rodata._printf_i.str1.1
                0x0000000008008ed2       0x22 c:/st/stm32cubeide_1.10.1/stm32cubeide/plugins/com.st.stm32cube.ide.mcu.externaltools.gnu-tools-for-stm32.10.3-2021.10.win32_1.0.0.202111181127/tools/bin/../lib/gcc/arm-none-eabi/10.3.1/../../../../arm-none-eabi/lib/thumb/v7e-m+fp/hard\libc_nano.a(lib_a-nano-vfprintf_i.o)
                0x0000000008008ef4                . = ALIGN (0x4)

.rel.dyn        0x0000000008008ef4        0x0
 .rel.iplt      0x0000000008008ef4        0x0 c:/st/stm32cubeide_1.10.1/stm32cubeide/plugins/com.st.stm32cube.ide.mcu.externaltools.gnu-tools-for-stm32.10.3-2021.10.win32_1.0.0.202111181127/tools/bin/../lib/gcc/arm-none-eabi/10.3.1/thumb/v7e-m+fp/hard/crtbegin.o

.ARM.extab      0x0000000008008ef4        0x0
                0x0000000008008ef4                . = ALIGN (0x4)
 *(.ARM.extab* .gnu.linkonce.armextab.*)
                0x0000000008008ef4                . = ALIGN (0x4)

.ARM            0x0000000008008ef4        0x0
                0x0000000008008ef4                . = ALIGN (0x4)
                0x0000000008008ef4                __exidx_start = .
 *(.ARM.exidx*)
                0x0000000008008ef4                __exidx_end = .
                0x0000000008008ef4                . = ALIGN (0x4)

.preinit_array  0x0000000008008ef4        0x0
                0x0000000008008ef4                . = ALIGN (0x4)
                0x0000000008008ef4                PROVIDE (__preinit_array_start = .)
 *(.preinit_array*)
                0x0000000008008ef4                PROVIDE (__preinit_array_end = .)
                0x0000000008008ef4                . = ALIGN (0x4)

.init_array     0x0000000008008ef4        0x4
                0x0000000008008ef4                . = ALIGN (0x4)
                0x0000000008008ef4                PROVIDE (__init_array_start = .)
 *(SORT_BY_NAME(.init_array.*))
 *(.init_array*)
 .init_array    0x0000000008008ef4        0x4 c:/st/stm32cubeide_1.10.1/stm32cubeide/plugins/com.st.stm32cube.ide.mcu.externaltools.gnu-tools-for-stm32.10.3-2021.10.win32_1.0.0.202111181127/tools/bin/../lib/gcc/arm-none-eabi/10.3.1/thumb/v7e-m+fp/hard/crtbegin.o
                0x0000000008008ef8                PROVIDE (__init_array_end = .)
                0x0000000008008ef8                . = ALIGN (0x4)

.fini_array     0x0000000008008ef8        0x4
                0x0000000008008ef8                . = ALIGN (0x4)
                [!provide]                        PROVIDE (__fini_array_start = .)
 *(SORT_BY_NAME(.fini_array.*))
 *(.fini_array*)
 .fini_array    0x0000000008008ef8        0x4 c:/st/stm32cubeide_1.10.1/stm32cubeide/plugins/com.st.stm32cube.ide.mcu.externaltools.gnu-tools-for-stm32.10.3-2021.10.win32_1.0.0.202111181127/tools/bin/../lib/gcc/arm-none-eabi/10.3.1/thumb/v7e-m+fp/hard/crtbegin.o
                [!provide]                        PROVIDE (__fini_array_end = .)
                0x0000000008008efc                . = ALIGN (0x4)
                0x0000000008008efc                _sidata = LOADADDR (.data)

.data           0x0000000020000000      0x170 load address 0x0000000008008efc
                0x0000000020000000                . = ALIGN (0x4)
                0x0000000020000000                _sdata = .
 *(.data)
 *(.data*)
 .data.idTimerSensorScan
                0x0000000020000000        0x1 ./Src/main.o
 .data.g_byIdTimerSetLevelLed
                0x0000000020000001        0x1 ./Src/main.o
                0x0000000020000001                g_byIdTimerSetLevelLed
 *fill*         0x0000000020000002        0x2 
 .data.str.3    0x0000000020000004       0xa0 ./Src/main.o
 .data.SystemCoreClock
                0x00000000200000a4        0x4 C:\Users\Trang\STM32CubeIDE\workspace_1.10.1\serial-host-mcu-clean-code\SDK_1.0.3_NUCLEO-F401RE\SDK_1.0.3_NUCLEO-F401RE\lib_stm\libLibraries.a(system_stm32f4xx.o)
                0x00000000200000a4                SystemCoreClock
 .data.AHBPrescTable
                0x00000000200000a8       0x10 C:\Users\Trang\STM32CubeIDE\workspace_1.10.1\serial-host-mcu-clean-code\SDK_1.0.3_NUCLEO-F401RE\SDK_1.0.3_NUCLEO-F401RE\lib_stm\libLibraries.a(system_stm32f4xx.o)
                0x00000000200000a8                AHBPrescTable
 .data.APBAHBPrescTable
                0x00000000200000b8       0x10 C:\Users\Trang\STM32CubeIDE\workspace_1.10.1\serial-host-mcu-clean-code\SDK_1.0.3_NUCLEO-F401RE\SDK_1.0.3_NUCLEO-F401RE\lib_stm\libLibraries.a(stm32f401re_rcc.o)
 .data.idBuzz   0x00000000200000c8        0x1 C:\Users\Trang\STM32CubeIDE\workspace_1.10.1\serial-host-mcu-clean-code\SDK_1.0.3_NUCLEO-F401RE\SDK_1.0.3_NUCLEO-F401RE\lib_stm\libLibraries.a(buzzer.o)
 *fill*         0x00000000200000c9        0x3 
 .data.pbeep    0x00000000200000cc        0x8 C:\Users\Trang\STM32CubeIDE\workspace_1.10.1\serial-host-mcu-clean-code\SDK_1.0.3_NUCLEO-F401RE\SDK_1.0.3_NUCLEO-F401RE\lib_stm\libLibraries.a(melody.o)
                0x00000000200000cc                pbeep
 .data.blinkTimer
                0x00000000200000d4        0x1 C:\Users\Trang\STM32CubeIDE\workspace_1.10.1\serial-host-mcu-clean-code\SDK_1.0.3_NUCLEO-F401RE\SDK_1.0.3_NUCLEO-F401RE\lib_stm\libLibraries.a(led.o)
 .data.g_byTimeWaitGetTemp
                0x00000000200000d5        0x1 C:\Users\Trang\STM32CubeIDE\workspace_1.10.1\serial-host-mcu-clean-code\SDK_1.0.3_NUCLEO-F401RE\SDK_1.0.3_NUCLEO-F401RE\lib_stm\libLibraries.a(temhumsensor.o)
 .data.g_byTimeWaitGetHumi
                0x00000000200000d6        0x1 C:\Users\Trang\STM32CubeIDE\workspace_1.10.1\serial-host-mcu-clean-code\SDK_1.0.3_NUCLEO-F401RE\SDK_1.0.3_NUCLEO-F401RE\lib_stm\libLibraries.a(temhumsensor.o)
 .data.idTaskScanDecodeLen
                0x00000000200000d7        0x1 C:\Users\Trang\STM32CubeIDE\workspace_1.10.1\serial-host-mcu-clean-code\SDK_1.0.3_NUCLEO-F401RE\SDK_1.0.3_NUCLEO-F401RE\lib_stm\libLibraries.a(ucg_font.o)
 .data.pinBtnPad
                0x00000000200000d8       0x30 C:\Users\Trang\STM32CubeIDE\workspace_1.10.1\serial-host-mcu-clean-code\SDK_1.0.3_NUCLEO-F401RE\SDK_1.0.3_NUCLEO-F401RE\lib_stm\libLibraries.a(button.o)
 .data.idTaskScanButton
                0x0000000020000108        0x1 C:\Users\Trang\STM32CubeIDE\workspace_1.10.1\serial-host-mcu-clean-code\SDK_1.0.3_NUCLEO-F401RE\SDK_1.0.3_NUCLEO-F401RE\lib_stm\libLibraries.a(button.o)
 *fill*         0x0000000020000109        0x3 
 .data._impure_ptr
                0x000000002000010c        0x4 c:/st/stm32cubeide_1.10.1/stm32cubeide/plugins/com.st.stm32cube.ide.mcu.externaltools.gnu-tools-for-stm32.10.3-2021.10.win32_1.0.0.202111181127/tools/bin/../lib/gcc/arm-none-eabi/10.3.1/../../../../arm-none-eabi/lib/thumb/v7e-m+fp/hard\libc_nano.a(lib_a-impure.o)
                0x000000002000010c                _impure_ptr
 .data.impure_data
                0x0000000020000110       0x60 c:/st/stm32cubeide_1.10.1/stm32cubeide/plugins/com.st.stm32cube.ide.mcu.externaltools.gnu-tools-for-stm32.10.3-2021.10.win32_1.0.0.202111181127/tools/bin/../lib/gcc/arm-none-eabi/10.3.1/../../../../arm-none-eabi/lib/thumb/v7e-m+fp/hard\libc_nano.a(lib_a-impure.o)
 *(.RamFunc)
 *(.RamFunc*)
                0x0000000020000170                . = ALIGN (0x4)
                0x0000000020000170                _edata = .

.igot.plt       0x0000000020000170        0x0 load address 0x000000000800906c
 .igot.plt      0x0000000020000170        0x0 c:/st/stm32cubeide_1.10.1/stm32cubeide/plugins/com.st.stm32cube.ide.mcu.externaltools.gnu-tools-for-stm32.10.3-2021.10.win32_1.0.0.202111181127/tools/bin/../lib/gcc/arm-none-eabi/10.3.1/thumb/v7e-m+fp/hard/crtbegin.o
                0x0000000020000170                . = ALIGN (0x4)

.bss            0x0000000020000170     0x15e4 load address 0x000000000800906c
                0x0000000020000170                _sbss = .
                0x0000000020000170                __bss_start__ = _sbss
 *(.bss)
 .bss           0x0000000020000170       0x1c c:/st/stm32cubeide_1.10.1/stm32cubeide/plugins/com.st.stm32cube.ide.mcu.externaltools.gnu-tools-for-stm32.10.3-2021.10.win32_1.0.0.202111181127/tools/bin/../lib/gcc/arm-none-eabi/10.3.1/thumb/v7e-m+fp/hard/crtbegin.o
 *(.bss*)
 .bss.pByBuffDataRx
                0x000000002000018c      0x100 ./Src/main.o
 .bss.pUartRxQueue
                0x000000002000028c       0x10 ./Src/main.o
 .bss.g_byRxState
                0x000000002000029c        0x1 ./Src/main.o
 *fill*         0x000000002000029d        0x3 
 .bss.g_byRxDataByte
                0x00000000200002a0       0x1e ./Src/main.o
 .bss.g_byRxCheckXor
                0x00000000200002be        0x1 ./Src/main.o
 .bss.g_byRxIndexByte
                0x00000000200002bf        0x1 ./Src/main.o
 .bss.g_dwTimeCurrent
                0x00000000200002c0        0x4 ./Src/main.o
 .bss.g_dwTimeInitial
                0x00000000200002c4        0x4 ./Src/main.o
 .bss.g_dwTimeTotal
                0x00000000200002c8        0x4 ./Src/main.o
 .bss.g_byHumidity
                0x00000000200002cc        0x1 ./Src/main.o
 .bss.g_Temperature