../Src/main.c:181:5:main	8	static
../Src/main.c:200:6:appInitCommon	16	static
../Src/main.c:229:13:usart2Init	40	static
../Src/main.c:285:13:serialUartInit	8	static
../Src/main.c:303:6:USART2x_IRQHandler	16	static
../Src/main.c:320:13:processSerialUartReceiver	8	static
../Src/main.c:352:16:pollRxBuff	16	static
../Src/main.c:460:6:ledCmdSetState	24	static
../Src/main.c:482:6:buzzerCmdSetState	24	static
../Src/main.c:495:6:lcdCmdSetState	24	static
../Src/main.c:501:6:buttonCmdState	16	static
../Src/main.c:513:10:LightSensor_pollingRead	16	static
../Src/main.c:527:6:taskMultiSensorScan	32	static
../Src/main.c:582:6:LoadConfiguration	16	static
../Src/main.c:596:13:appStateManager	16	static
../Src/main.c:624:13:setStateApp	16	static
../Src/main.c:635:20:getStateApp	4	static
../Src/main.c:647:6:deviceStateMachine	32	static
../Src/main.c:853:6:SetLevelUp	16	static
../Src/main.c:871:6:SetLevelDown	16	static
../Src/main.c:889:6:setLevelLed	24	static
../Src/main.c:911:6:stopLevelChange	8	static
../Src/main.c:934:1:processUartReceiveCommand_ControlLed	32	static
../Src/main.c:955:1:processUartReceiveCommand_ControlButton	16	static
../Src/main.c:972:1:processUartReceiveCommand_ControlLCD	24	static
../Src/main.c:984:1:processUartReceiveCommand_ControlBuzzer	16	static
../Src/main.c:1008:1:procUartCmd	24	static
